Archive member included to satisfy reference by file (symbol)

c:/st/stm32cubeide_1.4.0/stm32cubeide/plugins/com.st.stm32cube.ide.mcu.externaltools.gnu-tools-for-stm32.10.3-2021.10.win32_1.0.0.202111181127/tools/bin/../lib/gcc/arm-none-eabi/10.3.1/../../../../arm-none-eabi/lib/thumb/v7-m/nofp\libc_nano.a(lib_a-errno.o)
                              ./Src/syscalls.o (__errno)
c:/st/stm32cubeide_1.4.0/stm32cubeide/plugins/com.st.stm32cube.ide.mcu.externaltools.gnu-tools-for-stm32.10.3-2021.10.win32_1.0.0.202111181127/tools/bin/../lib/gcc/arm-none-eabi/10.3.1/../../../../arm-none-eabi/lib/thumb/v7-m/nofp\libc_nano.a(lib_a-exit.o)
                              c:/st/stm32cubeide_1.4.0/stm32cubeide/plugins/com.st.stm32cube.ide.mcu.externaltools.gnu-tools-for-stm32.10.3-2021.10.win32_1.0.0.202111181127/tools/bin/../lib/gcc/arm-none-eabi/10.3.1/../../../../arm-none-eabi/lib/thumb/v7-m/nofp/crt0.o (exit)
c:/st/stm32cubeide_1.4.0/stm32cubeide/plugins/com.st.stm32cube.ide.mcu.externaltools.gnu-tools-for-stm32.10.3-2021.10.win32_1.0.0.202111181127/tools/bin/../lib/gcc/arm-none-eabi/10.3.1/../../../../arm-none-eabi/lib/thumb/v7-m/nofp\libc_nano.a(lib_a-impure.o)
                              c:/st/stm32cubeide_1.4.0/stm32cubeide/plugins/com.st.stm32cube.ide.mcu.externaltools.gnu-tools-for-stm32.10.3-2021.10.win32_1.0.0.202111181127/tools/bin/../lib/gcc/arm-none-eabi/10.3.1/../../../../arm-none-eabi/lib/thumb/v7-m/nofp\libc_nano.a(lib_a-exit.o) (_global_impure_ptr)
c:/st/stm32cubeide_1.4.0/stm32cubeide/plugins/com.st.stm32cube.ide.mcu.externaltools.gnu-tools-for-stm32.10.3-2021.10.win32_1.0.0.202111181127/tools/bin/../lib/gcc/arm-none-eabi/10.3.1/../../../../arm-none-eabi/lib/thumb/v7-m/nofp\libc_nano.a(lib_a-init.o)
                              c:/st/stm32cubeide_1.4.0/stm32cubeide/plugins/com.st.stm32cube.ide.mcu.externaltools.gnu-tools-for-stm32.10.3-2021.10.win32_1.0.0.202111181127/tools/bin/../lib/gcc/arm-none-eabi/10.3.1/../../../../arm-none-eabi/lib/thumb/v7-m/nofp/crt0.o (__libc_init_array)
c:/st/stm32cubeide_1.4.0/stm32cubeide/plugins/com.st.stm32cube.ide.mcu.externaltools.gnu-tools-for-stm32.10.3-2021.10.win32_1.0.0.202111181127/tools/bin/../lib/gcc/arm-none-eabi/10.3.1/../../../../arm-none-eabi/lib/thumb/v7-m/nofp\libc_nano.a(lib_a-memset.o)
                              c:/st/stm32cubeide_1.4.0/stm32cubeide/plugins/com.st.stm32cube.ide.mcu.externaltools.gnu-tools-for-stm32.10.3-2021.10.win32_1.0.0.202111181127/tools/bin/../lib/gcc/arm-none-eabi/10.3.1/../../../../arm-none-eabi/lib/thumb/v7-m/nofp/crt0.o (memset)
c:/st/stm32cubeide_1.4.0/stm32cubeide/plugins/com.st.stm32cube.ide.mcu.externaltools.gnu-tools-for-stm32.10.3-2021.10.win32_1.0.0.202111181127/tools/bin/../lib/gcc/arm-none-eabi/10.3.1/thumb/v7-m/nofp\libgcc.a(_arm_muldf3.o)
                              ./HAL/Servo.o (__aeabi_dmul)
c:/st/stm32cubeide_1.4.0/stm32cubeide/plugins/com.st.stm32cube.ide.mcu.externaltools.gnu-tools-for-stm32.10.3-2021.10.win32_1.0.0.202111181127/tools/bin/../lib/gcc/arm-none-eabi/10.3.1/thumb/v7-m/nofp\libgcc.a(_arm_mulsf3.o)
                              ./HAL/Ultrasonic.o (__aeabi_fmul)
c:/st/stm32cubeide_1.4.0/stm32cubeide/plugins/com.st.stm32cube.ide.mcu.externaltools.gnu-tools-for-stm32.10.3-2021.10.win32_1.0.0.202111181127/tools/bin/../lib/gcc/arm-none-eabi/10.3.1/thumb/v7-m/nofp\libgcc.a(_arm_addsubdf3.o)
                              ./HAL/Servo.o (__aeabi_dadd)
c:/st/stm32cubeide_1.4.0/stm32cubeide/plugins/com.st.stm32cube.ide.mcu.externaltools.gnu-tools-for-stm32.10.3-2021.10.win32_1.0.0.202111181127/tools/bin/../lib/gcc/arm-none-eabi/10.3.1/thumb/v7-m/nofp\libgcc.a(_arm_muldivdf3.o)
                              ./HAL/Servo.o (__aeabi_ddiv)
c:/st/stm32cubeide_1.4.0/stm32cubeide/plugins/com.st.stm32cube.ide.mcu.externaltools.gnu-tools-for-stm32.10.3-2021.10.win32_1.0.0.202111181127/tools/bin/../lib/gcc/arm-none-eabi/10.3.1/thumb/v7-m/nofp\libgcc.a(_arm_fixunsdfsi.o)
                              ./HAL/Servo.o (__aeabi_d2uiz)
c:/st/stm32cubeide_1.4.0/stm32cubeide/plugins/com.st.stm32cube.ide.mcu.externaltools.gnu-tools-for-stm32.10.3-2021.10.win32_1.0.0.202111181127/tools/bin/../lib/gcc/arm-none-eabi/10.3.1/thumb/v7-m/nofp\libgcc.a(_arm_truncdfsf2.o)
                              ./stm32_f103c6_Drivers/stm32_f103c6_TIM2_3.o (__aeabi_d2f)
c:/st/stm32cubeide_1.4.0/stm32cubeide/plugins/com.st.stm32cube.ide.mcu.externaltools.gnu-tools-for-stm32.10.3-2021.10.win32_1.0.0.202111181127/tools/bin/../lib/gcc/arm-none-eabi/10.3.1/thumb/v7-m/nofp\libgcc.a(_arm_addsubsf3.o)
                              ./stm32_f103c6_Drivers/stm32_f103c6_TIM2_3.o (__aeabi_fadd)
c:/st/stm32cubeide_1.4.0/stm32cubeide/plugins/com.st.stm32cube.ide.mcu.externaltools.gnu-tools-for-stm32.10.3-2021.10.win32_1.0.0.202111181127/tools/bin/../lib/gcc/arm-none-eabi/10.3.1/thumb/v7-m/nofp\libgcc.a(_arm_muldivsf3.o)
                              ./stm32_f103c6_Drivers/stm32_f103c6_TIM2_3.o (__aeabi_fdiv)
[...]
Memory Configuration

Name             Origin             Length             Attributes
RAM              0x0000000020000000 0x0000000000005000 xrw
FLASH            0x0000000008000000 0x0000000000010000 xr
*default*        0x0000000000000000 0xffffffffffffffff

Linker script and memory map

LOAD c:/st/stm32cubeide_1.4.0/stm32cubeide/plugins/com.st.stm32cube.ide.mcu.externaltools.gnu-tools-for-stm32.10.3-2021.10.win32_1.0.0.202111181127/tools/bin/../lib/gcc/arm-none-eabi/10.3.1/thumb/v7-m/nofp/crti.o
LOAD c:/st/stm32cubeide_1.4.0/stm32cubeide/plugins/com.st.stm32cube.ide.mcu.externaltools.gnu-tools-for-stm32.10.3-2021.10.win32_1.0.0.202111181127/tools/bin/../lib/gcc/arm-none-eabi/10.3.1/thumb/v7-m/nofp/crtbegin.o
LOAD c:/st/stm32cubeide_1.4.0/stm32cubeide/plugins/com.st.stm32cube.ide.mcu.externaltools.gnu-tools-for-stm32.10.3-2021.10.win32_1.0.0.202111181127/tools/bin/../lib/gcc/arm-none-eabi/10.3.1/../../../../arm-none-eabi/lib/thumb/v7-m/nofp/crt0.o
LOAD ./HAL/DC_Motor.o
LOAD ./HAL/EEPROM.o
LOAD ./HAL/Flame_Sensor.o
LOAD ./HAL/Keypad.o
LOAD ./HAL/LCD.o
LOAD ./HAL/Servo.o
LOAD ./HAL/Ultrasonic.o
LOAD ./Src/main.o
LOAD ./Src/syscalls.o
LOAD ./Src/sysmem.o
LOAD ./Startup/startup_stm32f103c8tx.o
LOAD ./stm32_f103c6_Drivers/delay.o
LOAD ./stm32_f103c6_Drivers/stm32_f103c6_ADC.o
LOAD ./stm32_f103c6_Drivers/stm32_f103c6_EXTI.o
LOAD ./stm32_f103c6_Drivers/stm32_f103c6_GPIO.o
LOAD ./stm32_f103c6_Drivers/stm32_f103c6_I2C.o
LOAD ./stm32_f103c6_Drivers/stm32_f103c6_RCC.o
LOAD ./stm32_f103c6_Drivers/stm32_f103c6_SPI.o
LOAD ./stm32_f103c6_Drivers/stm32_f103c6_TIM2_3.o
LOAD ./stm32_f103c6_Drivers/stm32_f103c6_USART.o
START GROUP
LOAD c:/st/stm32cubeide_1.4.0/stm32cubeide/plugins/com.st.stm32cube.ide.mcu.externaltools.gnu-tools-for-stm32.10.3-2021.10.win32_1.0.0.202111181127/tools/bin/../lib/gcc/arm-none-eabi/10.3.1/../../../../arm-none-eabi/lib/thumb/v7-m/nofp\libc_nano.a
LOAD c:/st/stm32cubeide_1.4.0/stm32cubeide/plugins/com.st.stm32cube.ide.mcu.externaltools.gnu-tools-for-stm32.10.3-2021.10.win32_1.0.0.202111181127/tools/bin/../lib/gcc/arm-none-eabi/10.3.1/../../../../arm-none-eabi/lib/thumb/v7-m/nofp\libm.a
END GROUP
START GROUP
LOAD c:/st/stm32cubeide_1.4.0/stm32cubeide/plugins/com.st.stm32cube.ide.mcu.externaltools.gnu-tools-for-stm32.10.3-2021.10.win32_1.0.0.202111181127/tools/bin/../lib/gcc/arm-none-eabi/10.3.1/thumb/v7-m/nofp\libgcc.a
LOAD c:/st/stm32cubeide_1.4.0/stm32cubeide/plugins/com.st.stm32cube.ide.mcu.externaltools.gnu-tools-for-stm32.10.3-2021.10.win32_1.0.0.202111181127/tools/bin/../lib/gcc/arm-none-eabi/10.3.1/../../../../arm-none-eabi/lib/thumb/v7-m/nofp\libg_nano.a
LOAD c:/st/stm32cubeide_1.4.0/stm32cubeide/plugins/com.st.stm32cube.ide.mcu.externaltools.gnu-tools-for-stm32.10.3-2021.10.win32_1.0.0.202111181127/tools/bin/../lib/gcc/arm-none-eabi/10.3.1/../../../../arm-none-eabi/lib/thumb/v7-m/nofp\libc_nano.a
END GROUP
START GROUP
LOAD c:/st/stm32cubeide_1.4.0/stm32cubeide/plugins/com.st.stm32cube.ide.mcu.externaltools.gnu-tools-for-stm32.10.3-2021.10.win32_1.0.0.202111181127/tools/bin/../lib/gcc/arm-none-eabi/10.3.1/thumb/v7-m/nofp\libgcc.a
LOAD c:/st/stm32cubeide_1.4.0/stm32cubeide/plugins/com.st.stm32cube.ide.mcu.externaltools.gnu-tools-for-stm32.10.3-2021.10.win32_1.0.0.202111181127/tools/bin/../lib/gcc/arm-none-eabi/10.3.1/../../../../arm-none-eabi/lib/thumb/v7-m/nofp\libc_nano.a
LOAD c:/st/stm32cubeide_1.4.0/stm32cubeide/plugins/com.st.stm32cube.ide.mcu.externaltools.gnu-tools-for-stm32.10.3-2021.10.win32_1.0.0.202111181127/tools/bin/../lib/gcc/arm-none-eabi/10.3.1/../../../../arm-none-eabi/lib/thumb/v7-m/nofp\libnosys.a
END GROUP
START GROUP
LOAD c:/st/stm32cubeide_1.4.0/stm32cubeide/plugins/com.st.stm32cube.ide.mcu.externaltools.gnu-tools-for-stm32.10.3-2021.10.win32_1.0.0.202111181127/tools/bin/../lib/gcc/arm-none-eabi/10.3.1/thumb/v7-m/nofp\libgcc.a
LOAD c:/st/stm32cubeide_1.4.0/stm32cubeide/plugins/com.st.stm32cube.ide.mcu.externaltools.gnu-tools-for-stm32.10.3-2021.10.win32_1.0.0.202111181127/tools/bin/../lib/gcc/arm-none-eabi/10.3.1/../../../../arm-none-eabi/lib/thumb/v7-m/nofp\libc_nano.a
LOAD c:/st/stm32cubeide_1.4.0/stm32cubeide/plugins/com.st.stm32cube.ide.mcu.externaltools.gnu-tools-for-stm32.10.3-2021.10.win32_1.0.0.202111181127/tools/bin/../lib/gcc/arm-none-eabi/10.3.1/../../../../arm-none-eabi/lib/thumb/v7-m/nofp\libnosys.a
END GROUP
LOAD c:/st/stm32cubeide_1.4.0/stm32cubeide/plugins/com.st.stm32cube.ide.mcu.externaltools.gnu-tools-for-stm32.10.3-2021.10.win32_1.0.0.202111181127/tools/bin/../lib/gcc/arm-none-eabi/10.3.1/thumb/v7-m/nofp/crtend.o
LOAD c:/st/stm32cubeide_1.4.0/stm32cubeide/plugins/com.st.stm32cube.ide.mcu.externaltools.gnu-tools-for-stm32.10.3-2021.10.win32_1.0.0.202111181127/tools/bin/../lib/gcc/arm-none-eabi/10.3.1/thumb/v7-m/nofp/crtn.o
                0x0000000020005000                _estack = (ORIGIN (RAM) + LENGTH (RAM))
                0x0000000000000200                _Min_Heap_Size = 0x200
                0x0000000000000400                _Min_Stack_Size = 0x400

.isr_vector     0x0000000008000000      0x130
                0x0000000008000000                . = ALIGN (0x4)
 *(.isr_vector)
 .isr_vector    0x0000000008000000      0x130 ./Startup/startup_stm32f103c8tx.o
                0x0000000008000000                g_pfnVectors
                0x0000000008000130                . = ALIGN (0x4)

.text           0x0000000008000130     0x1a70
                0x0000000008000130                . = ALIGN (0x4)
 *(.text)
 .text          0x0000000008000130       0x40 c:/st/stm32cubeide_1.4.0/stm32cubeide/plugins/com.st.stm32cube.ide.mcu.externaltools.gnu-tools-for-stm32.10.3-2021.10.win32_1.0.0.202111181127/tools/bin/../lib/gcc/arm-none-eabi/10.3.1/thumb/v7-m/nofp/crtbegin.o
 .text          0x0000000008000170      0x378 c:/st/stm32cubeide_1.4.0/stm32cubeide/plugins/com.st.stm32cube.ide.mcu.externaltools.gnu-tools-for-stm32.10.3-2021.10.win32_1.0.0.202111181127/tools/bin/../lib/gcc/arm-none-eabi/10.3.1/thumb/v7-m/nofp\libgcc.a(_arm_addsubdf3.o)
                0x0000000008000170                __aeabi_drsub
                0x0000000008000178                __aeabi_dsub
                0x0000000008000178                __subdf3
                0x000000000800017c                __aeabi_dadd
                0x000000000800017c                __adddf3
                0x00000000080003f4                __floatunsidf
                0x00000000080003f4                __aeabi_ui2d
                0x0000000008000414                __floatsidf
                0x0000000008000414                __aeabi_i2d
                0x0000000008000438                __aeabi_f2d
                0x0000000008000438                __extendsfdf2
                0x000000000800047c                __floatundidf
                0x000000000800047c                __aeabi_ul2d
                0x000000000800048c                __floatdidf
                0x000000000800048c                __aeabi_l2d
 .text          0x00000000080004e8      0x424 c:/st/stm32cubeide_1.4.0/stm32cubeide/plugins/com.st.stm32cube.ide.mcu.externaltools.gnu-tools-for-stm32.10.3-2021.10.win32_1.0.0.202111181127/tools/bin/../lib/gcc/arm-none-eabi/10.3.1/thumb/v7-m/nofp\libgcc.a(_arm_muldivdf3.o)
                0x00000000080004e8                __aeabi_dmul
                0x00000000080004e8                __muldf3
                0x000000000800073c                __divdf3
                0x000000000800073c                __aeabi_ddiv
 .text          0x000000000800090c       0x40 c:/st/stm32cubeide_1.4.0/stm32cubeide/plugins/com.st.stm32cube.ide.mcu.externaltools.gnu-tools-for-stm32.10.3-2021.10.win32_1.0.0.202111181127/tools/bin/../lib/gcc/arm-none-eabi/10.3.1/thumb/v7-m/nofp\libgcc.a(_arm_fixunsdfsi.o)
                0x000000000800090c                __aeabi_d2uiz
                0x000000000800090c                __fixunsdfsi
 .text          0x000000000800094c       0xa0 c:/st/stm32cubeide_1.4.0/stm32cubeide/plugins/com.st.stm32cube.ide.mcu.externaltools.gnu-tools-for-stm32.10.3-2021.10.win32_1.0.0.202111181127/tools/bin/../lib/gcc/arm-none-eabi/10.3.1/thumb/v7-m/nofp\libgcc.a(_arm_truncdfsf2.o)
                0x000000000800094c                __truncdfsf2
                0x000000000800094c                __aeabi_d2f
 .text          0x00000000080009ec       0xec c:/st/stm32cubeide_1.4.0/stm32cubeide/plugins/com.st.stm32cube.ide.mcu.externaltools.gnu-tools-for-stm32.10.3-2021.10.win32_1.0.0.202111181127/tools/bin/../lib/gcc/arm-none-eabi/10.3.1/thumb/v7-m/nofp\libgcc.a(_arm_cmpsf2.o)
                0x00000000080009ec                __gesf2
                0x00000000080009ec                __gtsf2
                0x00000000080009f4                __lesf2
                0x00000000080009f4                __ltsf2
                0x00000000080009fc                __nesf2
                0x00000000080009fc                __eqsf2
                0x00000000080009fc                __cmpsf2
                0x0000000008000a5c                __aeabi_cfrcmple
                0x0000000008000a64                __aeabi_cfcmpeq
                0x0000000008000a64                __aeabi_cfcmple
                0x0000000008000a74                __aeabi_fcmpeq
                0x0000000008000a88                __aeabi_fcmplt
                0x0000000008000a9c                __aeabi_fcmple
                0x0000000008000ab0                __aeabi_fcmpge
                0x0000000008000ac4                __aeabi_fcmpgt
 *(.text*)
 .text.LCD_init
                0x0000000008000ad8       0xe8 ./HAL/LCD.o
                0x0000000008000ad8                LCD_init
 .text.LCD_cmd  0x0000000008000bc0       0xb8 ./HAL/LCD.o
                0x0000000008000bc0                LCD_cmd
 .text.Servo_Init
                0x0000000008000c78       0x88 ./HAL/Servo.o
                0x0000000008000c78                Servo_Init
 .text.HAL_Ultrasonic_init
                0x0000000008000d00       0x30 ./HAL/Ultrasonic.o
                0x0000000008000d00                HAL_Ultrasonic_init
 .text.Clock_INIT
                0x0000000008000d30       0x70 ./Src/main.o
                0x0000000008000d30                Clock_INIT
 .text.HAL_Driver_init
                0x0000000008000da0       0x10 ./Src/main.o
                0x0000000008000da0                HAL_Driver_init
 .text.main     0x0000000008000db0       0x80 ./Src/main.o
                0x0000000008000db0                main
 .text.Reset_Handler
                0x0000000008000e30       0x50 ./Startup/startup_stm32f103c8tx.o
                0x0000000008000e30                Reset_Handler
 .text.Default_Handler
                0x0000000008000e80        0x2 ./Startup/startup_stm32f103c8tx.o
                0x0000000008000e80                TIM8_TRG_COM_IRQHandler
                0x0000000008000e80                TIM8_CC_IRQHandler
                0x0000000008000e80                DebugMon_Handler
                0x0000000008000e80                TIM1_CC_IRQHandler
                0x0000000008000e80                HardFault_Handler
                0x0000000008000e80                TIM6_IRQHandler
                0x0000000008000e80                SysTick_Handler
                0x0000000008000e80                PVD_IRQHandler
                0x0000000008000e80                SDIO_IRQHandler
                0x0000000008000e80                PendSV_Handler
                0x0000000008000e80                NMI_Handler
                0x0000000008000e80                USB_HP_CAN_TX_IRQHandler
                0x0000000008000e80                I2C2_EV_IRQHandler
                0x0000000008000e80                UsageFault_Handler
                0x0000000008000e80                CAN_SCE_IRQHandler
                0x0000000008000e80                TAMPER_IRQHandler
                0x0000000008000e80                TIM8_UP_IRQHandler
                0x0000000008000e80                DMA2_Channel2_IRQHandler
                0x0000000008000e80                DMA1_Channel4_IRQHandler
                0x0000000008000e80                RTC_IRQHandler
                0x0000000008000e80                DMA1_Channel7_IRQHandler
                0x0000000008000e80                UART5_IRQHandler
                0x0000000008000e80                ADC3_IRQHandler
                0x0000000008000e80                TIM4_IRQHandler
                0x0000000008000e80                CAN_RX1_IRQHandler
                0x0000000008000e80                DMA2_Channel1_IRQHandler
                0x0000000008000e80                DMA1_Channel6_IRQHandler
                0x0000000008000e80                UART4_IRQHandler
                0x0000000008000e80                TIM3_IRQHandler
                0x0000000008000e80                RCC_IRQHandler
                0x0000000008000e80                TIM1_TRG_COM_IRQHandler
                0x0000000008000e80                DMA1_Channel1_IRQHandler
                0x0000000008000e80                Default_Handler
                0x0000000008000e80                TIM7_IRQHandler
                0x0000000008000e80                TIM5_IRQHandler
                0x0000000008000e80                USB_LP_CAN_RX0_IRQHandler
                0x0000000008000e80                MemManage_Handler
                0x0000000008000e80                SVC_Handler
                0x0000000008000e80                DMA1_Channel5_IRQHandler
                0x0000000008000e80                DMA1_Channel3_IRQHandler
                0x0000000008000e80                FSMC_IRQHandler
                0x0000000008000e80                TIM1_UP_IRQHandler
                0x0000000008000e80                WWDG_IRQHandler
                0x0000000008000e80                TIM2_IRQHandler
                0x0000000008000e80                TIM1_BRK_IRQHandler
                0x0000000008000e80                RTCAlarm_IRQHandler
                0x0000000008000e80                DMA2_Channel4_5_IRQHandler
                0x0000000008000e80                I2C2_ER_IRQHandler
                0x0000000008000e80                DMA1_Channel2_IRQHandler
                0x0000000008000e80                TIM8_BRK_IRQHandler
                0x0000000008000e80                FLASH_IRQHandler
                0x0000000008000e80                BusFault_Handler
                0x0000000008000e80                SPI3_IRQHandler
                0x0000000008000e80                I2C1_ER_IRQHandler
                0x0000000008000e80                DMA2_Channel3_IRQHandler
 *fill*         0x0000000008000e82        0x2 
 .text.delay_ms
                0x0000000008000e84       0x4c ./stm32_f103c6_Drivers/delay.o
                0x0000000008000e84                delay_ms
 .text.ADC1_2_IRQHandler
                0x0000000008000ed0       0x14 ./stm32_f103c6_Drivers/stm32_f103c6_ADC.o
                0x0000000008000ed0                ADC1_2_IRQHandler
 .text.EXTI0_IRQHandler
                0x0000000008000ee4       0x24 ./stm32_f103c6_Drivers/stm32_f103c6_EXTI.o
                0x0000000008000ee4                EXTI0_IRQHandler
 .text.EXTI1_IRQHandler
                0x0000000008000f08       0x24 ./stm32_f103c6_Drivers/stm32_f103c6_EXTI.o
                0x0000000008000f08                EXTI1_IRQHandler
 .text.EXTI2_IRQHandler
                0x0000000008000f2c       0x24 ./stm32_f103c6_Drivers/stm32_f103c6_EXTI.o
                0x0000000008000f2c                EXTI2_IRQHandler
 .text.EXTI3_IRQHandler
                0x0000000008000f50       0x24 ./stm32_f103c6_Drivers/stm32_f103c6_EXTI.o
                0x0000000008000f50                EXTI3_IRQHandler
 .text.EXTI4_IRQHandler
                0x0000000008000f74       0x24 ./stm32_f103c6_Drivers/stm32_f103c6_EXTI.o
                0x0000000008000f74                EXTI4_IRQHandler
 .text.EXTI9_5_IRQHandler
                0x0000000008000f98       0xa8 ./stm32_f103c6_Drivers/stm32_f103c6_EXTI.o
                0x0000000008000f98                EXTI9_5_IRQHandler
 .text.EXTI15_10_IRQHandler
                0x0000000008001040       0xc4 ./stm32_f103c6_Drivers/stm32_f103c6_EXTI.o
                0x0000000008001040                EXTI15_10_IRQHandler
 .text.get_position
                0x0000000008001104      0x170 ./stm32_f103c6_Drivers/stm32_f103c6_GPIO.o
                0x0000000008001104                get_position
 .text.MCAL_GPIO_Init
                0x0000000008001274       0xfe ./stm32_f103c6_Drivers/stm32_f103c6_GPIO.o
                0x0000000008001274                MCAL_GPIO_Init
 .text.MCAL_GPIO_WritePin
                0x0000000008001372       0x2e ./stm32_f103c6_Drivers/stm32_f103c6_GPIO.o
                0x0000000008001372                MCAL_GPIO_WritePin
 .text.MCAL_GPIO_WritePort
                0x00000000080013a0       0x1c ./stm32_f103c6_Drivers/stm32_f103c6_GPIO.o
                0x00000000080013a0                MCAL_GPIO_WritePort
 .text.MCAL_GPIO_TogglePin
                0x00000000080013bc       0x22 ./stm32_f103c6_Drivers/stm32_f103c6_GPIO.o
                0x00000000080013bc                MCAL_GPIO_TogglePin
 *fill*         0x00000000080013de        0x2 
 .text.Slave_Status
                0x00000000080013e0       0xd8 ./stm32_f103c6_Drivers/stm32_f103c6_I2C.o
                0x00000000080013e0                Slave_Status
 .text.I2C1_EV_IRQHandler
                0x00000000080014b8       0xe8 ./stm32_f103c6_Drivers/stm32_f103c6_I2C.o
                0x00000000080014b8                I2C1_EV_IRQHandler
 .text.MCAL_Get_SYSCLC_FREQ
                0x00000000080015a0       0x30 ./stm32_f103c6_Drivers/stm32_f103c6_RCC.o
                0x00000000080015a0                MCAL_Get_SYSCLC_FREQ
 .text.MCAL_Get_PCLC1_FREQ
                0x00000000080015d0       0x28 ./stm32_f103c6_Drivers/stm32_f103c6_RCC.o
                0x00000000080015d0                MCAL_Get_PCLC1_FREQ
 .text.SPI1_IRQHandler
                0x00000000080015f8       0x5c ./stm32_f103c6_Drivers/stm32_f103c6_SPI.o
                0x00000000080015f8                SPI1_IRQHandler
 .text.SPI2_IRQHandler
                0x0000000008001654       0x5c ./stm32_f103c6_Drivers/stm32_f103c6_SPI.o
                0x0000000008001654                SPI2_IRQHandler
 .text.MCAL_TIMx_Init
                0x00000000080016b0      0x2c0 ./stm32_f103c6_Drivers/stm32_f103c6_TIM2_3.o
                0x00000000080016b0                MCAL_TIMx_Init
 .text.MCAL_TIMx_Set_Compare_Value
                0x0000000008001970       0x68 ./stm32_f103c6_Drivers/stm32_f103c6_TIM2_3.o
                0x0000000008001970                MCAL_TIMx_Set_Compare_Value
 .text.MCAL_TIMx_Set_TOP_Value
                0x00000000080019d8       0x1c ./stm32_f103c6_Drivers/stm32_f103c6_TIM2_3.o
                0x00000000080019d8                MCAL_TIMx_Set_TOP_Value
 .text.MCAL_TIM4_CAP_Init
                0x00000000080019f4       0x74 ./stm32_f103c6_Drivers/stm32_f103c6_TIM2_3.o
                0x00000000080019f4                MCAL_TIM4_CAP_Init
 .text.MCAL_TIM4_CAP_Get_High
                0x0000000008001a68       0x9c ./stm32_f103c6_Drivers/stm32_f103c6_TIM2_3.o
                0x0000000008001a68                MCAL_TIM4_CAP_Get_High
 .text.USART1_IRQHandler
                0x0000000008001b04       0x14 ./stm32_f103c6_Drivers/stm32_f103c6_USART.o
                0x0000000008001b04                USART1_IRQHandler
 .text.USART2_IRQHandler
                0x0000000008001b18       0x14 ./stm32_f103c6_Drivers/stm32_f103c6_USART.o
                0x0000000008001b18                USART2_IRQHandler
 .text.USART3_IRQHandler
                0x0000000008001b2c       0x14 ./stm32_f103c6_Drivers/stm32_f103c6_USART.o
                0x0000000008001b2c                USART3_IRQHandler
 .text.__libc_init_array
                0x0000000008001b40       0x48 c:/st/stm32cubeide_1.4.0/stm32cubeide/plugins/com.st.stm32cube.ide.mcu.externaltools.gnu-tools-for-stm32.10.3-2021.10.win32_1.0.0.202111181127/tools/bin/../lib/gcc/arm-none-eabi/10.3.1/../../../../arm-none-eabi/lib/thumb/v7-m/nofp\libc_nano.a(lib_a-init.o)
                0x0000000008001b40                __libc_init_array
 *(.glue_7)
 .glue_7        0x0000000008001b88        0x0 linker stubs
 *(.glue_7t)
 .glue_7t       0x0000000008001b88        0x0 linker stubs
 *(.eh_frame)
 .eh_frame      0x0000000008001b88        0x0 c:/st/stm32cubeide_1.4.0/stm32cubeide/plugins/com.st.stm32cube.ide.mcu.externaltools.gnu-tools-for-stm32.10.3-2021.10.win32_1.0.0.202111181127/tools/bin/../lib/gcc/arm-none-eabi/10.3.1/thumb/v7-m/nofp/crtbegin.o
 *(.init)
 .init          0x0000000008001b88        0x4 c:/st/stm32cubeide_1.4.0/stm32cubeide/plugins/com.st.stm32cube.ide.mcu.externaltools.gnu-tools-for-stm32.10.3-2021.10.win32_1.0.0.202111181127/tools/bin/../lib/gcc/arm-none-eabi/10.3.1/thumb/v7-m/nofp/crti.o
                0x0000000008001b88                _init
 .init          0x0000000008001b8c        0x8 c:/st/stm32cubeide_1.4.0/stm32cubeide/plugins/com.st.stm32cube.ide.mcu.externaltools.gnu-tools-for-stm32.10.3-2021.10.win32_1.0.0.202111181127/tools/bin/../lib/gcc/arm-none-eabi/10.3.1/thumb/v7-m/nofp/crtn.o
 *(.fini)
 .fini          0x0000000008001b94        0x4 c:/st/stm32cubeide_1.4.0/stm32cubeide/plugins/com.st.stm32cube.ide.mcu.externaltools.gnu-tools-for-stm32.10.3-2021.10.win32_1.0.0.202111181127/tools/bin/../lib/gcc/arm-none-eabi/10.3.1/thumb/v7-m/nofp/crti.o
                0x0000000008001b94                _fini
 .fini          0x0000000008001b98        0x8 c:/st/stm32cubeide_1.4.0/stm32cubeide/plugins/com.st.stm32cube.ide.mcu.externaltools.gnu-tools-for-stm32.10.3-2021.10.win32_1.0.0.202111181127/tools/bin/../lib/gcc/arm-none-eabi/10.3.1/thumb/v7-m/nofp/crtn.o
                0x0000000008001ba0                . = ALIGN (0x4)
                0x0000000008001ba0                _etext = .

.vfp11_veneer   0x0000000008001ba0        0x0
 .vfp11_veneer  0x0000000008001ba0        0x0 linker stubs

.v4_bx          0x0000000008001ba0        0x0
 .v4_bx         0x0000000008001ba0        0x0 linker stubs

.iplt           0x0000000008001ba0        0x0
 .iplt          0x0000000008001ba0        0x0 c:/st/stm32cubeide_1.4.0/stm32cubeide/plugins/com.st.stm32cube.ide.mcu.externaltools.gnu-tools-for-stm32.10.3-2021.10.win32_1.0.0.202111181127/tools/bin/../lib/gcc/arm-none-eabi/10.3.1/thumb/v7-m/nofp/crtbegin.o

.rodata         0x0000000008001ba0        0x8
                0x0000000008001ba0                . = ALIGN (0x4)
 *(.rodata)
 *(.rodata*)
 .rodata.PPRE1_table
                0x0000000008001ba0        0x8 ./stm32_f103c6_Drivers/stm32_f103c6_RCC.o
                0x0000000008001ba0                PPRE1_table
                0x0000000008001ba8                . = ALIGN (0x4)

.rel.dyn        0x0000000008001ba8        0x0
 .rel.iplt      0x0000000008001ba8        0x0 c:/st/stm32cubeide_1.4.0/stm32cubeide/plugins/com.st.stm32cube.ide.mcu.externaltools.gnu-tools-for-stm32.10.3-2021.10.win32_1.0.0.202111181127/tools/bin/../lib/gcc/arm-none-eabi/10.3.1/thumb/v7-m/nofp/crtbegin.o

.ARM.extab      0x0000000008001ba8        0x0
                0x0000000008001ba8                . = ALIGN (0x4)
 *(.ARM.extab* .gnu.linkonce.armextab.*)
                0x0000000008001ba8                . = ALIGN (0x4)

.ARM            0x0000000008001ba8        0x0
                0x0000000008001ba8                . = ALIGN (0x4)
                0x0000000008001ba8                __exidx_start = .
 *(.ARM.exidx*)
                0x0000000008001ba8                __exidx_end = .
                0x0000000008001ba8                . = ALIGN (0x4)

.preinit_array  0x0000000008001ba8        0x0
                0x0000000008001ba8                . = ALIGN (0x4)
                0x0000000008001ba8                PROVIDE (__preinit_array_start = .)
 *(.preinit_array*)
                0x0000000008001ba8                PROVIDE (__preinit_array_end = .)
                0x0000000008001ba8                . = ALIGN (0x4)

.init_array     0x0000000008001ba8        0x4
                0x0000000008001ba8                . = ALIGN (0x4)
                0x0000000008001ba8                PROVIDE (__init_array_start = .)
 *(SORT_BY_NAME(.init_array.*))
 *(.init_array*)
 .init_array    0x0000000008001ba8        0x4 c:/st/stm32cubeide_1.4.0/stm32cubeide/plugins/com.st.stm32cube.ide.mcu.externaltools.gnu-tools-for-stm32.10.3-2021.10.win32_1.0.0.202111181127/tools/bin/../lib/gcc/arm-none-eabi/10.3.1/thumb/v7-m/nofp/crtbegin.o
                0x0000000008001bac                PROVIDE (__init_array_end = .)
                0x0000000008001bac                . = ALIGN (0x4)

.fini_array     0x0000000008001bac        0x4
                0x0000000008001bac                . = ALIGN (0x4)
                [!provide]                        PROVIDE (__fini_array_start = .)
 *(SORT_BY_NAME(.fini_array.*))
 *(.fini_array*)
 .fini_array    0x0000000008001bac        0x4 c:/st/stm32cubeide_1.4.0/stm32cubeide/plugins/com.st.stm32cube.ide.mcu.externaltools.gnu-tools-for-stm32.10.3-2021.10.win32_1.0.0.202111181127/tools/bin/../lib/gcc/arm-none-eabi/10.3.1/thumb/v7-m/nofp/crtbegin.o
                [!provide]                        PROVIDE (__fini_array_end = .)
                0x0000000008001bb0                . = ALIGN (0x4)
                0x0000000008001bb0                _sidata = LOADADDR (.data)

.data           0x0000000020000000        0x0 load address 0x0000000008001bb0
                0x0000000020000000                . = ALIGN (0x4)
                0x0000000020000000                _sdata = .
 *(.data)
 *(.data*)
 *(.RamFunc)
 *(.RamFunc*)
                0x0000000020000000                . = ALIGN (0x4)
                0x0000000020000000                _edata = .

.igot.plt       0x0000000020000000        0x0 load address 0x0000000008001bb0
 .igot.plt      0x0000000020000000        0x0 c:/st/stm32cubeide_1.4.0/stm32cubeide/plugins/com.st.stm32cube.ide.mcu.externaltools.gnu-tools-for-stm32.10.3-2021.10.win32_1.0.0.202111181127/tools/bin/../lib/gcc/arm-none-eabi/10.3.1/thumb/v7-m/nofp/crtbegin.o
                0x0000000020000000                . = ALIGN (0x4)

.bss            0x0000000020000000       0xac load address 0x0000000008001bb0
                0x0000000020000000                _sbss = .
                0x0000000020000000                __bss_start__ = _sbss
 *(.bss)
 .bss           0x0000000020000000       0x1c c:/st/stm32cubeide_1.4.0/stm32cubeide/plugins/com.st.stm32cube.ide.mcu.externaltools.gnu-tools-for-stm32.10.3-2021.10.win32_1.0.0.202111181127/tools/bin/../lib/gcc/arm-none-eabi/10.3.1/thumb/v7-m/nofp/crtbegin.o
 *(.bss*)
 .bss.GPIO_Pin  0x000000002000001c        0x4 ./HAL/Ultrasonic.o
 .bss.GP_ADC_IRQ_CALL
                0x0000000020000020        0x4 ./stm32_f103c6_Drivers/stm32_f103c6_ADC.o
                0x0000000020000020                GP_ADC_IRQ_CALL
 .bss.GP_IRQ_CALL
                0x0000000020000024       0x3c ./stm32_f103c6_Drivers/stm32_f103c6_EXTI.o
                0x0000000020000024                GP_IRQ_CALL
 .bss.g_I2C_Config
                0x0000000020000060       0x38 ./stm32_f103c6_Drivers/stm32_f103c6_I2C.o
                0x0000000020000060                g_I2C_Config
 .bss.g_SPI_Config
                0x0000000020000098        0x8 ./stm32_f103c6_Drivers/stm32_f103c6_SPI.o
                0x0000000020000098                g_SPI_Config
 .bss.g_USART_Config
                0x00000000200000a0        0xc ./stm32_f103c6_Drivers/stm32_f103c6_USART.o
                0x00000000200000a0                g_USART_Config
 *(COMMON)
                0x00000000200000ac                . = ALIGN (0x4)
                0x00000000200000ac                _ebss = .
                0x00000000200000ac                __bss_end__ = _ebss

._user_heap_stack
                0x00000000200000ac      0x604 load address 0x0000000008001bb0
                0x00000000200000b0                . = ALIGN (0x8)
 *fill*         0x00000000200000ac        0x4 
                [!provide]                        PROVIDE (end = .)
                0x00000000200000b0                PROVIDE (_end = .)
                0x00000000200002b0                . = (. + _Min_Heap_Size)
 *fill*         0x00000000200000b0      0x200 
                0x00000000200006b0                . = (. + _Min_Stack_Size)
 *fill*         0x00000000200002b0      0x400 
                0x00000000200006b0                . = ALIGN (0x8)

/DISCARD/
 libc.a(*)
 libm.a(*)
 libgcc.a(*)

.ARM.attributes
                0x0000000000000000       0x29
 *(.ARM.attributes)
 .ARM.attributes
                0x0000000000000000       0x1d c:/st/stm32cubeide_1.4.0/stm32cubeide/plugins/com.st.stm32cube.ide.mcu.externaltools.gnu-tools-for-stm32.10.3-2021.10.win32_1.0.0.202111181127/tools/bin/../lib/gcc/arm-none-eabi/10.3.1/thumb/v7-m/nofp/crti.o
 .ARM.attributes
                0x000000000000001d       0x2d c:/st/stm32cubeide_1.4.0/stm32cubeide/plugins/com.st.stm32cube.ide.mcu.externaltools.gnu-tools-for-stm32.10.3-2021.10.win32_1.0.0.202111181127/tools/bin/../lib/gcc/arm-none-eabi/10.3.1/thumb/v7-m/nofp/crtbegin.o
 .ARM.attributes
                0x000000000000004a       0x2d ./HAL/LCD.o
 .ARM.attributes
                0x0000000000000077       0x2d ./HAL/Servo.o
 .ARM.attributes
                0x00000000000000a4       0x2d ./HAL/Ultrasonic.o
 .ARM.attributes
                0x00000000000000d1       0x2d ./Src/main.o
 .ARM.attributes
                0x00000000000000fe       0x21 ./Startup/startup_stm32f103c8tx.o
 .ARM.attributes
                0x000000000000011f       0x2d ./stm32_f103c6_Drivers/delay.o
 .ARM.attributes
                0x000000000000014c       0x2d ./stm32_f103c6_Drivers/stm32_f103c6_ADC.o
 .ARM.attributes
                0x0000000000000179       0x2d ./stm32_f103c6_Drivers/stm32_f103c6_EXTI.o
 .ARM.attributes
                0x00000000000001a6       0x2d ./stm32_f103c6_Drivers/stm32_f103c6_GPIO.o
 .ARM.attributes
                0x00000000000001d3       0x2d ./stm32_f103c6_Drivers/stm32_f103c6_I2C.o
 .ARM.attributes
                0x0000000000000200       0x2d ./stm32_f103c6_Drivers/stm32_f103c6_RCC.o
 .ARM.attributes
                0x000000000000022d       0x2d ./stm32_f103c6_Drivers/stm32_f103c6_SPI.o
 .ARM.attributes
                0x000000000000025a       0x2d ./stm32_f103c6_Drivers/stm32_f103c6_TIM2_3.o
 .ARM.attributes
                0x0000000000000287       0x2d ./stm32_f103c6_Drivers/stm32_f103c6_USART.o
 .ARM.attributes
                0x00000000000002b4       0x2d c:/st/stm32cubeide_1.4.0/stm32cubeide/plugins/com.st.stm32cube.ide.mcu.externaltools.gnu-tools-for-stm32.10.3-2021.10.win32_1.0.0.202111181127/tools/bin/../lib/gcc/arm-none-eabi/10.3.1/../../../../arm-none-eabi/lib/thumb/v7-m/nofp\libc_nano.a(lib_a-init.o)
 .ARM.attributes
                0x00000000000002e1       0x1d c:/st/stm32cubeide_1.4.0/stm32cubeide/plugins/com.st.stm32cube.ide.mcu.externaltools.gnu-tools-for-stm32.10.3-2021.10.win32_1.0.0.202111181127/tools/bin/../lib/gcc/arm-none-eabi/10.3.1/thumb/v7-m/nofp\libgcc.a(_arm_addsubdf3.o)
 .ARM.attributes
                0x00000000000002fe       0x1d c:/st/stm32cubeide_1.4.0/stm32cubeide/plugins/com.st.stm32cube.ide.mcu.externaltools.gnu-tools-for-stm32.10.3-2021.10.win32_1.0.0.202111181127/tools/bin/../lib/gcc/arm-none-eabi/10.3.1/thumb/v7-m/nofp\libgcc.a(_arm_muldivdf3.o)
 .ARM.attributes
                0x000000000000031b       0x1d c:/st/stm32cubeide_1.4.0/stm32cubeide/plugins/com.st.stm32cube.ide.mcu.externaltools.gnu-tools-for-stm32.10.3-2021.10.win32_1.0.0.202111181127/tools/bin/../lib/gcc/arm-none-eabi/10.3.1/thumb/v7-m/nofp\libgcc.a(_arm_fixunsdfsi.o)
 .ARM.attributes
                0x0000000000000338       0x1d c:/st/stm32cubeide_1.4.0/stm32cubeide/plugins/com.st.stm32cube.ide.mcu.externaltools.gnu-tools-for-stm32.10.3-2021.10.win32_1.0.0.202111181127/tools/bin/../lib/gcc/arm-none-eabi/10.3.1/thumb/v7-m/nofp\libgcc.a(_arm_truncdfsf2.o)
 .ARM.attributes
                0x0000000000000355       0x1d c:/st/stm32cubeide_1.4.0/stm32cubeide/plugins/com.st.stm32cube.ide.mcu.externaltools.gnu-tools-for-stm32.10.3-2021.10.win32_1.0.0.202111181127/tools/bin/../lib/gcc/arm-none-eabi/10.3.1/thumb/v7-m/nofp\libgcc.a(_arm_cmpsf2.o)
 .ARM.attributes
                0x0000000000000372       0x1d c:/st/stm32cubeide_1.4.0/stm32cubeide/plugins/com.st.stm32cube.ide.mcu.externaltools.gnu-tools-for-stm32.10.3-2021.10.win32_1.0.0.202111181127/tools/bin/../lib/gcc/arm-none-eabi/10.3.1/thumb/v7-m/nofp/crtn.o
OUTPUT(hi.elf elf32-littlearm)
LOAD linker stubs
LOAD c:/st/stm32cubeide_1.4.0/stm32cubeide/plugins/com.st.stm32cube.ide.mcu.externaltools.gnu-tools-for-stm32.10.3-2021.10.win32_1.0.0.202111181127/tools/bin/../lib/gcc/arm-none-eabi/10.3.1/../../../../arm-none-eabi/lib/thumb/v7-m/nofp\libc.a
LOAD c:/st/stm32cubeide_1.4.0/stm32cubeide/plugins/com.st.stm32cube.ide.mcu.externaltools.gnu-tools-for-stm32.10.3-2021.10.win32_1.0.0.202111181127/tools/bin/../lib/gcc/arm-none-eabi/10.3.1/../../../../arm-none-eabi/lib/thumb/v7-m/nofp\libm.a
LOAD c:/st/stm32cubeide_1.4.0/stm32cubeide/plugins/com.st.stm32cube.ide.mcu.externaltools.gnu-tools-for-stm32.10.3-2021.10.win32_1.0.0.202111181127/tools/bin/../lib/gcc/arm-none-eabi/10.3.1/thumb/v7-m/nofp\libgcc.a

.debug_info     0x0000000000000000     0x3ea5
 .debug_info    0x0000000000000000      0x371 ./HAL/LCD.o
 .debug_info    0x0000000000000371      0x39e ./HAL/Servo.o
 .debug_info    0x000000000000070f      0x264 ./HAL/Ultrasonic.o
 .debug_info    0x0000000000000973      0x530 ./Src/main.o
 .debug_info    0x0000000000000ea3       0x22 ./Startup/startup_stm32f103c8tx.o
 .debug_info    0x0000000000000ec5      0x230 ./stm32_f103c6_Drivers/delay.o
 .debug_info    0x00000000000010f5      0x5a1 ./stm32_f103c6_Drivers/stm32_f103c6_ADC.o
 .debug_info    0x0000000000001696      0x52f ./stm32_f103c6_Drivers/stm32_f103c6_EXTI.o
 .debug_info    0x0000000000001bc5      0x498 ./stm32_f103c6_Drivers/stm32_f103c6_GPIO.o
 .debug_info    0x000000000000205d      0x924 ./stm32_f103c6_Drivers/stm32_f103c6_I2C.o
 .debug_info    0x0000000000002981      0x223 ./stm32_f103c6_Drivers/stm32_f103c6_RCC.o
 .debug_info    0x0000000000002ba4      0x67d ./stm32_f103c6_Drivers/stm32_f103c6_SPI.o
 .debug_info    0x0000000000003221      0x635 ./stm32_f103c6_Drivers/stm32_f103c6_TIM2_3.o
 .debug_info    0x0000000000003856      0x64f ./stm32_f103c6_Drivers/stm32_f103c6_USART.o

.debug_abbrev   0x0000000000000000     0x1326
 .debug_abbrev  0x0000000000000000      0x13a ./HAL/LCD.o
 .debug_abbrev  0x000000000000013a      0x14f ./HAL/Servo.o
 .debug_abbrev  0x0000000000000289      0x10c ./HAL/Ultrasonic.o
 .debug_abbrev  0x0000000000000395      0x1c5 ./Src/main.o
 .debug_abbrev  0x000000000000055a       0x12 ./Startup/startup_stm32f103c8tx.o
 .debug_abbrev  0x000000000000056c       0xbd ./stm32_f103c6_Drivers/delay.o
 .debug_abbrev  0x0000000000000629      0x183 ./stm32_f103c6_Drivers/stm32_f103c6_ADC.o
 .debug_abbrev  0x00000000000007ac      0x189 ./stm32_f103c6_Drivers/stm32_f103c6_EXTI.o
 .debug_abbrev  0x0000000000000935      0x16f ./stm32_f103c6_Drivers/stm32_f103c6_GPIO.o
 .debug_abbrev  0x0000000000000aa4      0x249 ./stm32_f103c6_Drivers/stm32_f103c6_I2C.o
 .debug_abbrev  0x0000000000000ced       0xda ./stm32_f103c6_Drivers/stm32_f103c6_RCC.o
 .debug_abbrev  0x0000000000000dc7      0x1f4 ./stm32_f103c6_Drivers/stm32_f103c6_SPI.o
 .debug_abbrev  0x0000000000000fbb      0x189 ./stm32_f103c6_Drivers/stm32_f103c6_TIM2_3.o
 .debug_abbrev  0x0000000000001144      0x1e2 ./stm32_f103c6_Drivers/stm32_f103c6_USART.o

.debug_loc      0x0000000000000000     0x1acc
 .debug_loc     0x0000000000000000      0x1bc ./HAL/LCD.o
 .debug_loc     0x00000000000001bc       0xe4 ./HAL/Servo.o
 .debug_loc     0x00000000000002a0       0x7c ./HAL/Ultrasonic.o
 .debug_loc     0x000000000000031c      0x1a0 ./Src/main.o
 .debug_loc     0x00000000000004bc       0xb8 ./stm32_f103c6_Drivers/delay.o
 .debug_loc     0x0000000000000574      0x128 ./stm32_f103c6_Drivers/stm32_f103c6_ADC.o
 .debug_loc     0x000000000000069c      0x320 ./stm32_f103c6_Drivers/stm32_f103c6_EXTI.o
 .debug_loc     0x00000000000009bc      0x330 ./stm32_f103c6_Drivers/stm32_f103c6_GPIO.o
 .debug_loc     0x0000000000000cec      0x458 ./stm32_f103c6_Drivers/stm32_f103c6_I2C.o
 .debug_loc     0x0000000000001144       0xc8 ./stm32_f103c6_Drivers/stm32_f103c6_RCC.o
 .debug_loc     0x000000000000120c      0x2bc ./stm32_f103c6_Drivers/stm32_f103c6_SPI.o
 .debug_loc     0x00000000000014c8      0x2d0 ./stm32_f103c6_Drivers/stm32_f103c6_TIM2_3.o
 .debug_loc     0x0000000000001798      0x334 ./stm32_f103c6_Drivers/stm32_f103c6_USART.o

.debug_aranges  0x0000000000000000      0x438
 .debug_aranges
                0x0000000000000000       0x48 ./HAL/LCD.o
 .debug_aranges
                0x0000000000000048       0x30 ./HAL/Servo.o
 .debug_aranges
                0x0000000000000078       0x28 ./HAL/Ultrasonic.o
 .debug_aranges
                0x00000000000000a0       0x50 ./Src/main.o
 .debug_aranges
                0x00000000000000f0       0x28 ./Startup/startup_stm32f103c8tx.o
 .debug_aranges
                0x0000000000000118       0x28 ./stm32_f103c6_Drivers/delay.o
 .debug_aranges
                0x0000000000000140       0x38 ./stm32_f103c6_Drivers/stm32_f103c6_ADC.o
 .debug_aranges
                0x0000000000000178       0x80 ./stm32_f103c6_Drivers/stm32_f103c6_EXTI.o
 .debug_aranges
                0x00000000000001f8       0x60 ./stm32_f103c6_Drivers/stm32_f103c6_GPIO.o
 .debug_aranges
                0x0000000000000258       0x80 ./stm32_f103c6_Drivers/stm32_f103c6_I2C.o
 .debug_aranges
                0x00000000000002d8       0x38 ./stm32_f103c6_Drivers/stm32_f103c6_RCC.o
 .debug_aranges
                0x0000000000000310       0x58 ./stm32_f103c6_Drivers/stm32_f103c6_SPI.o
 .debug_aranges
                0x0000000000000368       0x60 ./stm32_f103c6_Drivers/stm32_f103c6_TIM2_3.o
 .debug_aranges
                0x00000000000003c8       0x70 ./stm32_f103c6_Drivers/stm32_f103c6_USART.o

.debug_ranges   0x0000000000000000      0x360
 .debug_ranges  0x0000000000000000       0x38 ./HAL/LCD.o
 .debug_ranges  0x0000000000000038       0x20 ./HAL/Servo.o
 .debug_ranges  0x0000000000000058       0x18 ./HAL/Ultrasonic.o
 .debug_ranges  0x0000000000000070       0x40 ./Src/main.o
 .debug_ranges  0x00000000000000b0       0x20 ./Startup/startup_stm32f103c8tx.o
 .debug_ranges  0x00000000000000d0       0x18 ./stm32_f103c6_Drivers/delay.o
 .debug_ranges  0x00000000000000e8       0x28 ./stm32_f103c6_Drivers/stm32_f103c6_ADC.o
 .debug_ranges  0x0000000000000110       0x70 ./stm32_f103c6_Drivers/stm32_f103c6_EXTI.o
 .debug_ranges  0x0000000000000180       0x50 ./stm32_f103c6_Drivers/stm32_f103c6_GPIO.o
 .debug_ranges  0x00000000000001d0       0x70 ./stm32_f103c6_Drivers/stm32_f103c6_I2C.o
 .debug_ranges  0x0000000000000240       0x28 ./stm32_f103c6_Drivers/stm32_f103c6_RCC.o
 .debug_ranges  0x0000000000000268       0x48 ./stm32_f103c6_Drivers/stm32_f103c6_SPI.o
 .debug_ranges  0x00000000000002b0       0x50 ./stm32_f103c6_Drivers/stm32_f103c6_TIM2_3.o
 .debug_ranges  0x0000000000000300       0x60 ./stm32_f103c6_Drivers/stm32_f103c6_USART.o

.debug_macro    0x0000000000000000     0x200e
 .debug_macro   0x0000000000000000      0x16b ./HAL/LCD.o
 .debug_macro   0x000000000000016b       0x9a ./HAL/LCD.o
 .debug_macro   0x0000000000000205      0x17c ./HAL/Servo.o
 .debug_macro   0x0000000000000381      0x181 ./HAL/Ultrasonic.o
 .debug_macro   0x0000000000000502       0x10 ./HAL/Ultrasonic.o
 .debug_macro   0x0000000000000512      0x20e ./Src/main.o
 .debug_macro   0x0000000000000720      0x220 ./Src/main.o
 .debug_macro   0x0000000000000940       0xf9 ./Src/main.o
 .debug_macro   0x0000000000000a39       0xff ./Src/main.o
 .debug_macro   0x0000000000000b38       0x5e ./Src/main.o
 .debug_macro   0x0000000000000b96       0xa0 ./Src/main.o
 .debug_macro   0x0000000000000c36       0x40 ./Src/main.o
 .debug_macro   0x0000000000000c76       0x10 ./Src/main.o
 .debug_macro   0x0000000000000c86       0x5e ./Src/main.o
 .debug_macro   0x0000000000000ce4       0xf4 ./Src/main.o
 .debug_macro   0x0000000000000dd8       0x16 ./Src/main.o
 .debug_macro   0x0000000000000dee       0x2e ./Src/main.o
 .debug_macro   0x0000000000000e1c      0x17e ./Src/main.o
 .debug_macro   0x0000000000000f9a      0x16e ./stm32_f103c6_Drivers/delay.o
 .debug_macro   0x0000000000001108      0x164 ./stm32_f103c6_Drivers/stm32_f103c6_ADC.o
 .debug_macro   0x000000000000126c      0x161 ./stm32_f103c6_Drivers/stm32_f103c6_EXTI.o
 .debug_macro   0x00000000000013cd      0x21a ./stm32_f103c6_Drivers/stm32_f103c6_EXTI.o
 .debug_macro   0x00000000000015e7      0x152 ./stm32_f103c6_Drivers/stm32_f103c6_GPIO.o
 .debug_macro   0x0000000000001739      0x164 ./stm32_f103c6_Drivers/stm32_f103c6_I2C.o
 .debug_macro   0x000000000000189d      0x152 ./stm32_f103c6_Drivers/stm32_f103c6_RCC.o
 .debug_macro   0x00000000000019ef       0x10 ./stm32_f103c6_Drivers/stm32_f103c6_RCC.o
 .debug_macro   0x00000000000019ff      0x15b ./stm32_f103c6_Drivers/stm32_f103c6_SPI.o
 .debug_macro   0x0000000000001b5a       0xf9 ./stm32_f103c6_Drivers/stm32_f103c6_SPI.o
 .debug_macro   0x0000000000001c53      0x164 ./stm32_f103c6_Drivers/stm32_f103c6_TIM2_3.o
 .debug_macro   0x0000000000001db7      0x164 ./stm32_f103c6_Drivers/stm32_f103c6_USART.o
 .debug_macro   0x0000000000001f1b       0xf3 ./stm32_f103c6_Drivers/stm32_f103c6_USART.o

.debug_line     0x0000000000000000     0x62ab
 .debug_line    0x0000000000000000      0x6ab ./HAL/LCD.o
 .debug_line    0x00000000000006ab      0x610 ./HAL/Servo.o
 .debug_line    0x0000000000000cbb      0x5f8 ./HAL/Ultrasonic.o
 .debug_line    0x00000000000012b3      0x7f2 ./Src/main.o
 .debug_line    0x0000000000001aa5       0x84 ./Startup/startup_stm32f103c8tx.o
 .debug_line    0x0000000000001b29      0x605 ./stm32_f103c6_Drivers/delay.o
 .debug_line    0x000000000000212e      0x6e8 ./stm32_f103c6_Drivers/stm32_f103c6_ADC.o
 .debug_line    0x0000000000002816      0x958 ./stm32_f103c6_Drivers/stm32_f103c6_EXTI.o
 .debug_line    0x000000000000316e      0x78b ./stm32_f103c6_Drivers/stm32_f103c6_GPIO.o
 .debug_line    0x00000000000038f9      0xa2c ./stm32_f103c6_Drivers/stm32_f103c6_I2C.o
 .debug_line    0x0000000000004325      0x5d8 ./stm32_f103c6_Drivers/stm32_f103c6_RCC.o
 .debug_line    0x00000000000048fd      0x8a8 ./stm32_f103c6_Drivers/stm32_f103c6_SPI.o
 .debug_line    0x00000000000051a5      0x837 ./stm32_f103c6_Drivers/stm32_f103c6_TIM2_3.o
 .debug_line    0x00000000000059dc      0x8cf ./stm32_f103c6_Drivers/stm32_f103c6_USART.o

.debug_str      0x0000000000000000     0xdd2c
 .debug_str     0x0000000000000000     0x9afd ./HAL/LCD.o
                                       0x9d04 (size before relaxing)
 .debug_str     0x0000000000009afd      0x26c ./HAL/Servo.o
                                       0x9c15 (size before relaxing)
 .debug_str     0x0000000000009d69       0xae ./HAL/Ultrasonic.o
                                       0x9bf1 (size before relaxing)
 .debug_str     0x0000000000009e17     0x32db ./Src/main.o
                                       0xd139 (size before relaxing)
 .debug_str     0x000000000000d0f2       0x31 ./Startup/startup_stm32f103c8tx.o
                                         0x66 (size before relaxing)
 .debug_str     0x000000000000d123       0x29 ./stm32_f103c6_Drivers/delay.o
                                       0x9b2b (size before relaxing)
 .debug_str     0x000000000000d14c      0x150 ./stm32_f103c6_Drivers/stm32_f103c6_ADC.o
                                       0x9de7 (size before relaxing)
 .debug_str     0x000000000000d29c      0x250 ./stm32_f103c6_Drivers/stm32_f103c6_EXTI.o
                                       0xafb9 (size before relaxing)
 .debug_str     0x000000000000d4ec       0xbb ./stm32_f103c6_Drivers/stm32_f103c6_GPIO.o
                                       0x9b3b (size before relaxing)
 .debug_str     0x000000000000d5a7      0x30a ./stm32_f103c6_Drivers/stm32_f103c6_I2C.o
                                       0xa025 (size before relaxing)
 .debug_str     0x000000000000d8b1       0x7e ./stm32_f103c6_Drivers/stm32_f103c6_RCC.o
                                       0x9739 (size before relaxing)
 .debug_str     0x000000000000d92f      0x1ed ./stm32_f103c6_Drivers/stm32_f103c6_SPI.o
                                       0xa3a8 (size before relaxing)
 .debug_str     0x000000000000db1c       0x9d ./stm32_f103c6_Drivers/stm32_f103c6_TIM2_3.o
                                       0x9d37 (size before relaxing)
 .debug_str     0x000000000000dbb9      0x173 ./stm32_f103c6_Drivers/stm32_f103c6_USART.o
                                       0xa2e7 (size before relaxing)

.comment        0x0000000000000000       0x50
 .comment       0x0000000000000000       0x50 ./HAL/LCD.o
                                         0x51 (size before relaxing)
 .comment       0x0000000000000050       0x51 ./HAL/Servo.o
 .comment       0x0000000000000050       0x51 ./HAL/Ultrasonic.o
 .comment       0x0000000000000050       0x51 ./Src/main.o
 .comment       0x0000000000000050       0x51 ./stm32_f103c6_Drivers/delay.o
 .comment       0x0000000000000050       0x51 ./stm32_f103c6_Drivers/stm32_f103c6_ADC.o
 .comment       0x0000000000000050       0x51 ./stm32_f103c6_Drivers/stm32_f103c6_EXTI.o
 .comment       0x0000000000000050       0x51 ./stm32_f103c6_Drivers/stm32_f103c6_GPIO.o
 .comment       0x0000000000000050       0x51 ./stm32_f103c6_Drivers/stm32_f103c6_I2C.o
 .comment       0x0000000000000050       0x51 ./stm32_f103c6_Drivers/stm32_f103c6_RCC.o
 .comment       0x0000000000000050       0x51 ./stm32_f103c6_Drivers/stm32_f103c6_SPI.o
 .comment       0x0000000000000050       0x51 ./stm32_f103c6_Drivers/stm32_f103c6_TIM2_3.o
 .comment       0x0000000000000050       0x51 ./stm32_f103c6_Drivers/stm32_f103c6_USART.o

.debug_frame    0x0000000000000000      0xfb8
 .debug_frame   0x0000000000000000       0xe0 ./HAL/LCD.o
 .debug_frame   0x00000000000000e0       0x78 ./HAL/Servo.o
 .debug_frame   0x0000000000000158       0x50 ./HAL/Ultrasonic.o
 .debug_frame   0x00000000000001a8       0xec ./Src/main.o
 .debug_frame   0x0000000000000294       0x60 ./stm32_f103c6_Drivers/delay.o
 .debug_frame   0x00000000000002f4       0x9c ./stm32_f103c6_Drivers/stm32_f103c6_ADC.o
 .debug_frame   0x0000000000000390      0x1b0 ./stm32_f103c6_Drivers/stm32_f103c6_EXTI.o
 .debug_frame   0x0000000000000540      0x178 ./stm32_f103c6_Drivers/stm32_f103c6_GPIO.o
 .debug_frame   0x00000000000006b8      0x204 ./stm32_f103c6_Drivers/stm32_f103c6_I2C.o
 .debug_frame   0x00000000000008bc       0x84 ./stm32_f103c6_Drivers/stm32_f103c6_RCC.o
 .debug_frame   0x0000000000000940      0x148 ./stm32_f103c6_Drivers/stm32_f103c6_SPI.o
 .debug_frame   0x0000000000000a88      0x164 ./stm32_f103c6_Drivers/stm32_f103c6_TIM2_3.o
 .debug_frame   0x0000000000000bec      0x194 ./stm32_f103c6_Drivers/stm32_f103c6_USART.o
 .debug_frame   0x0000000000000d80       0x2c c:/st/stm32cubeide_1.4.0/stm32cubeide/plugins/com.st.stm32cube.ide.mcu.externaltools.gnu-tools-for-stm32.10.3-2021.10.win32_1.0.0.202111181127/tools/bin/../lib/gcc/arm-none-eabi/10.3.1/../../../../arm-none-eabi/lib/thumb/v7-m/nofp\libc_nano.a(lib_a-init.o)
 .debug_frame   0x0000000000000dac       0xac c:/st/stm32cubeide_1.4.0/stm32cubeide/plugins/com.st.stm32cube.ide.mcu.externaltools.gnu-tools-for-stm32.10.3-2021.10.win32_1.0.0.202111181127/tools/bin/../lib/gcc/arm-none-eabi/10.3.1/thumb/v7-m/nofp\libgcc.a(_arm_addsubdf3.o)
 .debug_frame   0x0000000000000e58       0x50 c:/st/stm32cubeide_1.4.0/stm32cubeide/plugins/com.st.stm32cube.ide.mcu.externaltools.gnu-tools-for-stm32.10.3-2021.10.win32_1.0.0.202111181127/tools/bin/../lib/gcc/arm-none-eabi/10.3.1/thumb/v7-m/nofp\libgcc.a(_arm_muldivdf3.o)
 .debug_frame   0x0000000000000ea8       0x24 c:/st/stm32cubeide_1.4.0/stm32cubeide/plugins/com.st.stm32cube.ide.mcu.externaltools.gnu-tools-for-stm32.10.3-2021.10.win32_1.0.0.202111181127/tools/bin/../lib/gcc/arm-none-eabi/10.3.1/thumb/v7-m/nofp\libgcc.a(_arm_fixunsdfsi.o)
 .debug_frame   0x0000000000000ecc       0x24 c:/st/stm32cubeide_1.4.0/stm32cubeide/plugins/com.st.stm32cube.ide.mcu.externaltools.gnu-tools-for-stm32.10.3-2021.10.win32_1.0.0.202111181127/tools/bin/../lib/gcc/arm-none-eabi/10.3.1/thumb/v7-m/nofp\libgcc.a(_arm_truncdfsf2.o)
 .debug_frame   0x0000000000000ef0       0xc8 c:/st/stm32cubeide_1.4.0/stm32cubeide/plugins/com.st.stm32cube.ide.mcu.externaltools.gnu-tools-for-stm32.10.3-2021.10.win32_1.0.0.202111181127/tools/bin/../lib/gcc/arm-none-eabi/10.3.1/thumb/v7-m/nofp\libgcc.a(_arm_cmpsf2.o)
