Archive member included to satisfy reference by file (symbol)

c:/st/stm32cubeide_1.4.0/stm32cubeide/plugins/com.st.stm32cube.ide.mcu.externaltools.gnu-tools-for-stm32.10.3-2021.10.win32_1.0.0.202111181127/tools/bin/../lib/gcc/arm-none-eabi/10.3.1/../../../../arm-none-eabi/lib/thumb/v7-m/nofp\libc_nano.a(lib_a-errno.o)
                              ./Src/syscalls.o (__errno)
c:/st/stm32cubeide_1.4.0/stm32cubeide/plugins/com.st.stm32cube.ide.mcu.externaltools.gnu-tools-for-stm32.10.3-2021.10.win32_1.0.0.202111181127/tools/bin/../lib/gcc/arm-none-eabi/10.3.1/../../../../arm-none-eabi/lib/thumb/v7-m/nofp\libc_nano.a(lib_a-exit.o)
                              c:/st/stm32cubeide_1.4.0/stm32cubeide/plugins/com.st.stm32cube.ide.mcu.externaltools.gnu-tools-for-stm32.10.3-2021.10.win32_1.0.0.202111181127/tools/bin/../lib/gcc/arm-none-eabi/10.3.1/../../../../arm-none-eabi/lib/thumb/v7-m/nofp/crt0.o (exit)
c:/st/stm32cubeide_1.4.0/stm32cubeide/plugins/com.st.stm32cube.ide.mcu.externaltools.gnu-tools-for-stm32.10.3-2021.10.win32_1.0.0.202111181127/tools/bin/../lib/gcc/arm-none-eabi/10.3.1/../../../../arm-none-eabi/lib/thumb/v7-m/nofp\libc_nano.a(lib_a-impure.o)
                              c:/st/stm32cubeide_1.4.0/stm32cubeide/plugins/com.st.stm32cube.ide.mcu.externaltools.gnu-tools-for-stm32.10.3-2021.10.win32_1.0.0.202111181127/tools/bin/../lib/gcc/arm-none-eabi/10.3.1/../../../../arm-none-eabi/lib/thumb/v7-m/nofp\libc_nano.a(lib_a-exit.o) (_global_impure_ptr)
c:/st/stm32cubeide_1.4.0/stm32cubeide/plugins/com.st.stm32cube.ide.mcu.externaltools.gnu-tools-for-stm32.10.3-2021.10.win32_1.0.0.202111181127/tools/bin/../lib/gcc/arm-none-eabi/10.3.1/../../../../arm-none-eabi/lib/thumb/v7-m/nofp\libc_nano.a(lib_a-init.o)
                              c:/st/stm32cubeide_1.4.0/stm32cubeide/plugins/com.st.stm32cube.ide.mcu.externaltools.gnu-tools-for-stm32.10.3-2021.10.win32_1.0.0.202111181127/tools/bin/../lib/gcc/arm-none-eabi/10.3.1/../../../../arm-none-eabi/lib/thumb/v7-m/nofp/crt0.o (__libc_init_array)
c:/st/stm32cubeide_1.4.0/stm32cubeide/plugins/com.st.stm32cube.ide.mcu.externaltools.gnu-tools-for-stm32.10.3-2021.10.win32_1.0.0.202111181127/tools/bin/../lib/gcc/arm-none-eabi/10.3.1/../../../../arm-none-eabi/lib/thumb/v7-m/nofp\libc_nano.a(lib_a-memset.o)
                              c:/st/stm32cubeide_1.4.0/stm32cubeide/plugins/com.st.stm32cube.ide.mcu.externaltools.gnu-tools-for-stm32.10.3-2021.10.win32_1.0.0.202111181127/tools/bin/../lib/gcc/arm-none-eabi/10.3.1/../../../../arm-none-eabi/lib/thumb/v7-m/nofp/crt0.o (memset)
c:/st/stm32cubeide_1.4.0/stm32cubeide/plugins/com.st.stm32cube.ide.mcu.externaltools.gnu-tools-for-stm32.10.3-2021.10.win32_1.0.0.202111181127/tools/bin/../lib/gcc/arm-none-eabi/10.3.1/thumb/v7-m/nofp\libgcc.a(_arm_muldf3.o)
                              ./HAL/Servo.o (__aeabi_dmul)
c:/st/stm32cubeide_1.4.0/stm32cubeide/plugins/com.st.stm32cube.ide.mcu.externaltools.gnu-tools-for-stm32.10.3-2021.10.win32_1.0.0.202111181127/tools/bin/../lib/gcc/arm-none-eabi/10.3.1/thumb/v7-m/nofp\libgcc.a(_arm_addsubdf3.o)
                              ./HAL/Servo.o (__aeabi_dadd)
c:/st/stm32cubeide_1.4.0/stm32cubeide/plugins/com.st.stm32cube.ide.mcu.externaltools.gnu-tools-for-stm32.10.3-2021.10.win32_1.0.0.202111181127/tools/bin/../lib/gcc/arm-none-eabi/10.3.1/thumb/v7-m/nofp\libgcc.a(_arm_muldivdf3.o)
                              ./HAL/Servo.o (__aeabi_ddiv)
c:/st/stm32cubeide_1.4.0/stm32cubeide/plugins/com.st.stm32cube.ide.mcu.externaltools.gnu-tools-for-stm32.10.3-2021.10.win32_1.0.0.202111181127/tools/bin/../lib/gcc/arm-none-eabi/10.3.1/thumb/v7-m/nofp\libgcc.a(_arm_fixunsdfsi.o)
                              ./HAL/Servo.o (__aeabi_d2uiz)
c:/st/stm32cubeide_1.4.0/stm32cubeide/plugins/com.st.stm32cube.ide.mcu.externaltools.gnu-tools-for-stm32.10.3-2021.10.win32_1.0.0.202111181127/tools/bin/../lib/gcc/arm-none-eabi/10.3.1/thumb/v7-m/nofp\libgcc.a(_arm_truncdfsf2.o)
                              ./HAL/Ultrasonic.o (__aeabi_d2f)
c:/st/stm32cubeide_1.4.0/stm32cubeide/plugins/com.st.stm32cube.ide.mcu.externaltools.gnu-tools-for-stm32.10.3-2021.10.win32_1.0.0.202111181127/tools/bin/../lib/gcc/arm-none-eabi/10.3.1/thumb/v7-m/nofp\libgcc.a(_arm_addsubsf3.o)
                              ./stm32_f103c6_Drivers/stm32_f103c6_TIM2_3.o (__aeabi_fadd)
c:/st/stm32cubeide_1.4.0/stm32cubeide/plugins/com.st.stm32cube.ide.mcu.externaltools.gnu-tools-for-stm32.10.3-2021.10.win32_1.0.0.202111181127/tools/bin/../lib/gcc/arm-none-eabi/10.3.1/thumb/v7-m/nofp\libgcc.a(_arm_muldivsf3.o)
                              ./stm32_f103c6_Drivers/stm32_f103c6_TIM2_3.o (__aeabi_fdiv)
c:/st/stm32cubeide_1.4.0/stm32cubeide/plugins/com.st.stm32cube.ide.mcu.externaltools.gnu-tools-for-stm32.10.3-2021.10.win32_1.0.0.202111181127/tools/bin/../lib/gcc/arm-none-eabi/10.3.1/thumb/v7-m/nofp\libgcc.a(_arm_cmpsf2.o)
                              ./Src/main.o (__aeabi_fcmple)
[...]
Memory Configuration

Name             Origin             Length             Attributes
RAM              0x0000000020000000 0x0000000000002800 xrw
FLASH            0x0000000008000000 0x0000000000008000 xr
*default*        0x0000000000000000 0xffffffffffffffff

Linker script and memory map

LOAD c:/st/stm32cubeide_1.4.0/stm32cubeide/plugins/com.st.stm32cube.ide.mcu.externaltools.gnu-tools-for-stm32.10.3-2021.10.win32_1.0.0.202111181127/tools/bin/../lib/gcc/arm-none-eabi/10.3.1/thumb/v7-m/nofp/crti.o
LOAD c:/st/stm32cubeide_1.4.0/stm32cubeide/plugins/com.st.stm32cube.ide.mcu.externaltools.gnu-tools-for-stm32.10.3-2021.10.win32_1.0.0.202111181127/tools/bin/../lib/gcc/arm-none-eabi/10.3.1/thumb/v7-m/nofp/crtbegin.o
LOAD c:/st/stm32cubeide_1.4.0/stm32cubeide/plugins/com.st.stm32cube.ide.mcu.externaltools.gnu-tools-for-stm32.10.3-2021.10.win32_1.0.0.202111181127/tools/bin/../lib/gcc/arm-none-eabi/10.3.1/../../../../arm-none-eabi/lib/thumb/v7-m/nofp/crt0.o
LOAD ./HAL/DC_Motor.o
LOAD ./HAL/EEPROM.o
LOAD ./HAL/Flame_Sensor.o
LOAD ./HAL/Keypad.o
LOAD ./HAL/LCD.o
LOAD ./HAL/Servo.o
LOAD ./HAL/Ultrasonic.o
LOAD ./Src/main.o
LOAD ./Src/syscalls.o
LOAD ./Src/sysmem.o
LOAD ./Startup/startup_stm32f103c6tx.o
LOAD ./stm32_f103c6_Drivers/delay.o
LOAD ./stm32_f103c6_Drivers/stm32_f103c6_ADC.o
LOAD ./stm32_f103c6_Drivers/stm32_f103c6_EXTI.o
LOAD ./stm32_f103c6_Drivers/stm32_f103c6_GPIO.o
LOAD ./stm32_f103c6_Drivers/stm32_f103c6_I2C.o
LOAD ./stm32_f103c6_Drivers/stm32_f103c6_RCC.o
LOAD ./stm32_f103c6_Drivers/stm32_f103c6_SPI.o
LOAD ./stm32_f103c6_Drivers/stm32_f103c6_TIM2_3.o
LOAD ./stm32_f103c6_Drivers/stm32_f103c6_USART.o
START GROUP
LOAD c:/st/stm32cubeide_1.4.0/stm32cubeide/plugins/com.st.stm32cube.ide.mcu.externaltools.gnu-tools-for-stm32.10.3-2021.10.win32_1.0.0.202111181127/tools/bin/../lib/gcc/arm-none-eabi/10.3.1/../../../../arm-none-eabi/lib/thumb/v7-m/nofp\libc_nano.a
LOAD c:/st/stm32cubeide_1.4.0/stm32cubeide/plugins/com.st.stm32cube.ide.mcu.externaltools.gnu-tools-for-stm32.10.3-2021.10.win32_1.0.0.202111181127/tools/bin/../lib/gcc/arm-none-eabi/10.3.1/../../../../arm-none-eabi/lib/thumb/v7-m/nofp\libm.a
END GROUP
START GROUP
LOAD c:/st/stm32cubeide_1.4.0/stm32cubeide/plugins/com.st.stm32cube.ide.mcu.externaltools.gnu-tools-for-stm32.10.3-2021.10.win32_1.0.0.202111181127/tools/bin/../lib/gcc/arm-none-eabi/10.3.1/thumb/v7-m/nofp\libgcc.a
LOAD c:/st/stm32cubeide_1.4.0/stm32cubeide/plugins/com.st.stm32cube.ide.mcu.externaltools.gnu-tools-for-stm32.10.3-2021.10.win32_1.0.0.202111181127/tools/bin/../lib/gcc/arm-none-eabi/10.3.1/../../../../arm-none-eabi/lib/thumb/v7-m/nofp\libg_nano.a
LOAD c:/st/stm32cubeide_1.4.0/stm32cubeide/plugins/com.st.stm32cube.ide.mcu.externaltools.gnu-tools-for-stm32.10.3-2021.10.win32_1.0.0.202111181127/tools/bin/../lib/gcc/arm-none-eabi/10.3.1/../../../../arm-none-eabi/lib/thumb/v7-m/nofp\libc_nano.a
END GROUP
START GROUP
LOAD c:/st/stm32cubeide_1.4.0/stm32cubeide/plugins/com.st.stm32cube.ide.mcu.externaltools.gnu-tools-for-stm32.10.3-2021.10.win32_1.0.0.202111181127/tools/bin/../lib/gcc/arm-none-eabi/10.3.1/thumb/v7-m/nofp\libgcc.a
LOAD c:/st/stm32cubeide_1.4.0/stm32cubeide/plugins/com.st.stm32cube.ide.mcu.externaltools.gnu-tools-for-stm32.10.3-2021.10.win32_1.0.0.202111181127/tools/bin/../lib/gcc/arm-none-eabi/10.3.1/../../../../arm-none-eabi/lib/thumb/v7-m/nofp\libc_nano.a
LOAD c:/st/stm32cubeide_1.4.0/stm32cubeide/plugins/com.st.stm32cube.ide.mcu.externaltools.gnu-tools-for-stm32.10.3-2021.10.win32_1.0.0.202111181127/tools/bin/../lib/gcc/arm-none-eabi/10.3.1/../../../../arm-none-eabi/lib/thumb/v7-m/nofp\libnosys.a
END GROUP
START GROUP
LOAD c:/st/stm32cubeide_1.4.0/stm32cubeide/plugins/com.st.stm32cube.ide.mcu.externaltools.gnu-tools-for-stm32.10.3-2021.10.win32_1.0.0.202111181127/tools/bin/../lib/gcc/arm-none-eabi/10.3.1/thumb/v7-m/nofp\libgcc.a
LOAD c:/st/stm32cubeide_1.4.0/stm32cubeide/plugins/com.st.stm32cube.ide.mcu.externaltools.gnu-tools-for-stm32.10.3-2021.10.win32_1.0.0.202111181127/tools/bin/../lib/gcc/arm-none-eabi/10.3.1/../../../../arm-none-eabi/lib/thumb/v7-m/nofp\libc_nano.a
LOAD c:/st/stm32cubeide_1.4.0/stm32cubeide/plugins/com.st.stm32cube.ide.mcu.externaltools.gnu-tools-for-stm32.10.3-2021.10.win32_1.0.0.202111181127/tools/bin/../lib/gcc/arm-none-eabi/10.3.1/../../../../arm-none-eabi/lib/thumb/v7-m/nofp\libnosys.a
END GROUP
LOAD c:/st/stm32cubeide_1.4.0/stm32cubeide/plugins/com.st.stm32cube.ide.mcu.externaltools.gnu-tools-for-stm32.10.3-2021.10.win32_1.0.0.202111181127/tools/bin/../lib/gcc/arm-none-eabi/10.3.1/thumb/v7-m/nofp/crtend.o
LOAD c:/st/stm32cubeide_1.4.0/stm32cubeide/plugins/com.st.stm32cube.ide.mcu.externaltools.gnu-tools-for-stm32.10.3-2021.10.win32_1.0.0.202111181127/tools/bin/../lib/gcc/arm-none-eabi/10.3.1/thumb/v7-m/nofp/crtn.o
                0x0000000020002800                _estack = (ORIGIN (RAM) + LENGTH (RAM))
                0x0000000000000200                _Min_Heap_Size = 0x200
                0x0000000000000400                _Min_Stack_Size = 0x400

.isr_vector     0x0000000008000000      0x130
                0x0000000008000000                . = ALIGN (0x4)
 *(.isr_vector)
 .isr_vector    0x0000000008000000      0x130 ./Startup/startup_stm32f103c6tx.o
                0x0000000008000000                g_pfnVectors
                0x0000000008000130                . = ALIGN (0x4)

.text           0x0000000008000130     0x225c
                0x0000000008000130                . = ALIGN (0x4)
 *(.text)
 .text          0x0000000008000130       0x40 c:/st/stm32cubeide_1.4.0/stm32cubeide/plugins/com.st.stm32cube.ide.mcu.externaltools.gnu-tools-for-stm32.10.3-2021.10.win32_1.0.0.202111181127/tools/bin/../lib/gcc/arm-none-eabi/10.3.1/thumb/v7-m/nofp/crtbegin.o
 .text          0x0000000008000170      0x378 c:/st/stm32cubeide_1.4.0/stm32cubeide/plugins/com.st.stm32cube.ide.mcu.externaltools.gnu-tools-for-stm32.10.3-2021.10.win32_1.0.0.202111181127/tools/bin/../lib/gcc/arm-none-eabi/10.3.1/thumb/v7-m/nofp\libgcc.a(_arm_addsubdf3.o)
                0x0000000008000170                __aeabi_drsub
                0x0000000008000178                __aeabi_dsub
                0x0000000008000178                __subdf3
                0x000000000800017c                __aeabi_dadd
                0x000000000800017c                __adddf3
                0x00000000080003f4                __floatunsidf
                0x00000000080003f4                __aeabi_ui2d
                0x0000000008000414                __floatsidf
                0x0000000008000414                __aeabi_i2d
                0x0000000008000438                __aeabi_f2d
                0x0000000008000438                __extendsfdf2
                0x000000000800047c                __floatundidf
                0x000000000800047c                __aeabi_ul2d
                0x000000000800048c                __floatdidf
                0x000000000800048c                __aeabi_l2d
 .text          0x00000000080004e8      0x424 c:/st/stm32cubeide_1.4.0/stm32cubeide/plugins/com.st.stm32cube.ide.mcu.externaltools.gnu-tools-for-stm32.10.3-2021.10.win32_1.0.0.202111181127/tools/bin/../lib/gcc/arm-none-eabi/10.3.1/thumb/v7-m/nofp\libgcc.a(_arm_muldivdf3.o)
                0x00000000080004e8                __aeabi_dmul
                0x00000000080004e8                __muldf3
                0x000000000800073c                __divdf3
                0x000000000800073c                __aeabi_ddiv
 .text          0x000000000800090c       0xa0 c:/st/stm32cubeide_1.4.0/stm32cubeide/plugins/com.st.stm32cube.ide.mcu.externaltools.gnu-tools-for-stm32.10.3-2021.10.win32_1.0.0.202111181127/tools/bin/../lib/gcc/arm-none-eabi/10.3.1/thumb/v7-m/nofp\libgcc.a(_arm_truncdfsf2.o)
                0x000000000800090c                __truncdfsf2
                0x000000000800090c                __aeabi_d2f
 .text          0x00000000080009ac      0x21c c:/st/stm32cubeide_1.4.0/stm32cubeide/plugins/com.st.stm32cube.ide.mcu.externaltools.gnu-tools-for-stm32.10.3-2021.10.win32_1.0.0.202111181127/tools/bin/../lib/gcc/arm-none-eabi/10.3.1/thumb/v7-m/nofp\libgcc.a(_arm_addsubsf3.o)
                0x00000000080009ac                __aeabi_frsub
                0x00000000080009b4                __subsf3
                0x00000000080009b4                __aeabi_fsub
                0x00000000080009b8                __aeabi_fadd
                0x00000000080009b8                __addsf3
                0x0000000008000b18                __aeabi_ui2f
                0x0000000008000b18                __floatunsisf
                0x0000000008000b20                __aeabi_i2f
                0x0000000008000b20                __floatsisf
                0x0000000008000b3c                __aeabi_ul2f
                0x0000000008000b3c                __floatundisf
                0x0000000008000b4c                __aeabi_l2f
                0x0000000008000b4c                __floatdisf
 .text          0x0000000008000bc8       0xec c:/st/stm32cubeide_1.4.0/stm32cubeide/plugins/com.st.stm32cube.ide.mcu.externaltools.gnu-tools-for-stm32.10.3-2021.10.win32_1.0.0.202111181127/tools/bin/../lib/gcc/arm-none-eabi/10.3.1/thumb/v7-m/nofp\libgcc.a(_arm_cmpsf2.o)
                0x0000000008000bc8                __gesf2
                0x0000000008000bc8                __gtsf2
                0x0000000008000bd0                __lesf2
                0x0000000008000bd0                __ltsf2
                0x0000000008000bd8                __nesf2
                0x0000000008000bd8                __eqsf2
                0x0000000008000bd8                __cmpsf2
                0x0000000008000c38                __aeabi_cfrcmple
                0x0000000008000c40                __aeabi_cfcmpeq
                0x0000000008000c40                __aeabi_cfcmple
                0x0000000008000c50                __aeabi_fcmpeq
                0x0000000008000c64                __aeabi_fcmplt
                0x0000000008000c78                __aeabi_fcmple
                0x0000000008000c8c                __aeabi_fcmpge
                0x0000000008000ca0                __aeabi_fcmpgt
 *(.text*)
 .text.Set_GPIO_pins
                0x0000000008000cb4       0x58 ./HAL/DC_Motor.o
                0x0000000008000cb4                Set_GPIO_pins
 .text.HAL_DC_Motors_init
                0x0000000008000d0c       0x3c ./HAL/DC_Motor.o
                0x0000000008000d0c                HAL_DC_Motors_init
 .text.Car_GetBack
                0x0000000008000d48       0x64 ./HAL/DC_Motor.o
                0x0000000008000d48                Car_GetBack
 .text.Car_Rotation_Object
                0x0000000008000dac       0xcc ./HAL/DC_Motor.o
                0x0000000008000dac                Car_Rotation_Object
 .text.Car_Routation
                0x0000000008000e78       0xc0 ./HAL/DC_Motor.o
                0x0000000008000e78                Car_Routation
 .text.Car_Move
                0x0000000008000f38       0xa8 ./HAL/DC_Motor.o
                0x0000000008000f38                Car_Move
 .text.Car_Stop_Moving
                0x0000000008000fe0       0x24 ./HAL/DC_Motor.o
                0x0000000008000fe0                Car_Stop_Moving
 .text.HAL_Flame_init
                0x0000000008001004       0x9c ./HAL/Flame_Sensor.o
                0x0000000008001004                HAL_Flame_init
 .text.Flame_Frontmid_Read
                0x00000000080010a0       0x18 ./HAL/Flame_Sensor.o
                0x00000000080010a0                Flame_Frontmid_Read
 .text.Flame_FrontLeft_Read
                0x00000000080010b8       0x18 ./HAL/Flame_Sensor.o
                0x00000000080010b8                Flame_FrontLeft_Read
 .text.Flame_FrontRight_Read
                0x00000000080010d0       0x18 ./HAL/Flame_Sensor.o
                0x00000000080010d0                Flame_FrontRight_Read
 .text.Flame_Back_Read
                0x00000000080010e8       0x18 ./HAL/Flame_Sensor.o
                0x00000000080010e8                Flame_Back_Read
 .text.Flame_Right_Read
                0x0000000008001100       0x18 ./HAL/Flame_Sensor.o
                0x0000000008001100                Flame_Right_Read
 .text.Flame_Left_Read
                0x0000000008001118       0x18 ./HAL/Flame_Sensor.o
                0x0000000008001118                Flame_Left_Read
 .text.HAL_Ultrasonic_init
                0x0000000008001130       0x30 ./HAL/Ultrasonic.o
                0x0000000008001130                HAL_Ultrasonic_init
 .text.Ultrasnic_Read
                0x0000000008001160       0x64 ./HAL/Ultrasonic.o
                0x0000000008001160                Ultrasnic_Read
 .text.Clock_INIT
                0x00000000080011c4       0xb0 ./Src/main.o
                0x00000000080011c4                Clock_INIT
 .text.pumb     0x0000000008001274       0x24 ./Src/main.o
                0x0000000008001274                pumb
 .text.Flame_MaxReading
                0x0000000008001298       0x5e ./Src/main.o
                0x0000000008001298                Flame_MaxReading
 *fill*         0x00000000080012f6        0x2 
 .text.CarAdjustament
                0x00000000080012f8       0x94 ./Src/main.o
                0x00000000080012f8                CarAdjustament
 .text.CarMovements
                0x000000000800138c      0x128 ./Src/main.o
                0x000000000800138c                CarMovements
 .text.CarAction
                0x00000000080014b4       0x94 ./Src/main.o
                0x00000000080014b4                CarAction
 .text.Init_pumb
                0x0000000008001548       0x2c ./Src/main.o
                0x0000000008001548                Init_pumb
 .text.HAL_Driver_init
                0x0000000008001574       0x18 ./Src/main.o
                0x0000000008001574                HAL_Driver_init
 .text.Object_Handle
                0x000000000800158c       0x22 ./Src/main.o
                0x000000000800158c                Object_Handle
 *fill*         0x00000000080015ae        0x2 
 .text.main     0x00000000080015b0      0x120 ./Src/main.o
                0x00000000080015b0                main
 .text.Reset_Handler
                0x00000000080016d0       0x50 ./Startup/startup_stm32f103c6tx.o
                0x00000000080016d0                Reset_Handler
 .text.Default_Handler
                0x0000000008001720        0x2 ./Startup/startup_stm32f103c6tx.o
                0x0000000008001720                TIM8_TRG_COM_IRQHandler
                0x0000000008001720                TIM8_CC_IRQHandler
                0x0000000008001720                DebugMon_Handler
                0x0000000008001720                TIM1_CC_IRQHandler
                0x0000000008001720                HardFault_Handler
                0x0000000008001720                TIM6_IRQHandler
                0x0000000008001720                SysTick_Handler
                0x0000000008001720                PVD_IRQHandler
                0x0000000008001720                SDIO_IRQHandler
                0x0000000008001720                PendSV_Handler
                0x0000000008001720                NMI_Handler
                0x0000000008001720                USB_HP_CAN_TX_IRQHandler
                0x0000000008001720                I2C2_EV_IRQHandler
                0x0000000008001720                UsageFault_Handler
                0x0000000008001720                ADC1_2_IRQHandler
                0x0000000008001720                CAN_SCE_IRQHandler
                0x0000000008001720                TAMPER_IRQHandler
                0x0000000008001720                TIM8_UP_IRQHandler
                0x0000000008001720                DMA2_Channel2_IRQHandler
                0x0000000008001720                DMA1_Channel4_IRQHandler
                0x0000000008001720                RTC_IRQHandler
                0x0000000008001720                DMA1_Channel7_IRQHandler
                0x0000000008001720                UART5_IRQHandler
                0x0000000008001720                ADC3_IRQHandler
                0x0000000008001720                TIM4_IRQHandler
                0x0000000008001720                CAN_RX1_IRQHandler
                0x0000000008001720                DMA2_Channel1_IRQHandler
                0x0000000008001720                DMA1_Channel6_IRQHandler
                0x0000000008001720                UART4_IRQHandler
                0x0000000008001720                TIM3_IRQHandler
                0x0000000008001720                RCC_IRQHandler
                0x0000000008001720                TIM1_TRG_COM_IRQHandler
                0x0000000008001720                DMA1_Channel1_IRQHandler
                0x0000000008001720                Default_Handler
                0x0000000008001720                TIM7_IRQHandler
                0x0000000008001720                TIM5_IRQHandler
                0x0000000008001720                USB_LP_CAN_RX0_IRQHandler
                0x0000000008001720                MemManage_Handler
                0x0000000008001720                SVC_Handler
                0x0000000008001720                DMA1_Channel5_IRQHandler
                0x0000000008001720                DMA1_Channel3_IRQHandler
                0x0000000008001720                FSMC_IRQHandler
                0x0000000008001720                TIM1_UP_IRQHandler
                0x0000000008001720                WWDG_IRQHandler
                0x0000000008001720                TIM2_IRQHandler
                0x0000000008001720                TIM1_BRK_IRQHandler
                0x0000000008001720                RTCAlarm_IRQHandler
                0x0000000008001720                DMA2_Channel4_5_IRQHandler
                0x0000000008001720                I2C2_ER_IRQHandler
                0x0000000008001720                DMA1_Channel2_IRQHandler
                0x0000000008001720                TIM8_BRK_IRQHandler
                0x0000000008001720                FLASH_IRQHandler
                0x0000000008001720                BusFault_Handler
                0x0000000008001720                SPI3_IRQHandler
                0x0000000008001720                I2C1_ER_IRQHandler
                0x0000000008001720                DMA2_Channel3_IRQHandler
 *fill*         0x0000000008001722        0x2 
 .text.delay_ms
                0x0000000008001724       0x54 ./stm32_f103c6_Drivers/delay.o
                0x0000000008001724                delay_ms
 .text.EXTI0_IRQHandler
                0x0000000008001778       0x24 ./stm32_f103c6_Drivers/stm32_f103c6_EXTI.o
                0x0000000008001778                EXTI0_IRQHandler
 .text.EXTI1_IRQHandler
                0x000000000800179c       0x24 ./stm32_f103c6_Drivers/stm32_f103c6_EXTI.o
                0x000000000800179c                EXTI1_IRQHandler
 .text.EXTI2_IRQHandler
                0x00000000080017c0       0x24 ./stm32_f103c6_Drivers/stm32_f103c6_EXTI.o
                0x00000000080017c0                EXTI2_IRQHandler
 .text.EXTI3_IRQHandler
                0x00000000080017e4       0x24 ./stm32_f103c6_Drivers/stm32_f103c6_EXTI.o
                0x00000000080017e4                EXTI3_IRQHandler
 .text.EXTI4_IRQHandler
                0x0000000008001808       0x24 ./stm32_f103c6_Drivers/stm32_f103c6_EXTI.o
                0x0000000008001808                EXTI4_IRQHandler
 .text.EXTI9_5_IRQHandler
                0x000000000800182c       0xa8 ./stm32_f103c6_Drivers/stm32_f103c6_EXTI.o
                0x000000000800182c                EXTI9_5_IRQHandler
 .text.EXTI15_10_IRQHandler
                0x00000000080018d4       0xc4 ./stm32_f103c6_Drivers/stm32_f103c6_EXTI.o
                0x00000000080018d4                EXTI15_10_IRQHandler
 .text.get_position
                0x0000000008001998      0x170 ./stm32_f103c6_Drivers/stm32_f103c6_GPIO.o
                0x0000000008001998                get_position
 .text.MCAL_GPIO_Init
                0x0000000008001b08       0xfe ./stm32_f103c6_Drivers/stm32_f103c6_GPIO.o
                0x0000000008001b08                MCAL_GPIO_Init
 .text.MCAL_GPIO_ReadPin
                0x0000000008001c06       0x2e ./stm32_f103c6_Drivers/stm32_f103c6_GPIO.o
                0x0000000008001c06                MCAL_GPIO_ReadPin
 .text.MCAL_GPIO_WritePin
                0x0000000008001c34       0x2e ./stm32_f103c6_Drivers/stm32_f103c6_GPIO.o
                0x0000000008001c34                MCAL_GPIO_WritePin
 .text.MCAL_GPIO_TogglePin
                0x0000000008001c62       0x22 ./stm32_f103c6_Drivers/stm32_f103c6_GPIO.o
                0x0000000008001c62                MCAL_GPIO_TogglePin
 .text.Slave_Status
                0x0000000008001c84       0xd8 ./stm32_f103c6_Drivers/stm32_f103c6_I2C.o
                0x0000000008001c84                Slave_Status
 .text.I2C1_EV_IRQHandler
                0x0000000008001d5c       0xe8 ./stm32_f103c6_Drivers/stm32_f103c6_I2C.o
                0x0000000008001d5c                I2C1_EV_IRQHandler
 .text.SPI1_IRQHandler
                0x0000000008001e44       0x5c ./stm32_f103c6_Drivers/stm32_f103c6_SPI.o
                0x0000000008001e44                SPI1_IRQHandler
 .text.SPI2_IRQHandler
                0x0000000008001ea0       0x5c ./stm32_f103c6_Drivers/stm32_f103c6_SPI.o
                0x0000000008001ea0                SPI2_IRQHandler
 .text.MCAL_TIMx_Init
                0x0000000008001efc      0x2c0 ./stm32_f103c6_Drivers/stm32_f103c6_TIM2_3.o
                0x0000000008001efc                MCAL_TIMx_Init
 .text.MCAL_TIM4_CAP_Init
                0x00000000080021bc       0x50 ./stm32_f103c6_Drivers/stm32_f103c6_TIM2_3.o
                0x00000000080021bc                MCAL_TIM4_CAP_Init
 .text.MCAL_TIM4_CAP_Get_High
                0x000000000800220c       0x80 ./stm32_f103c6_Drivers/stm32_f103c6_TIM2_3.o
                0x000000000800220c                MCAL_TIM4_CAP_Get_High
 .text.MCAL_TIMx_Set_Compare_Value
                0x000000000800228c       0x64 ./stm32_f103c6_Drivers/stm32_f103c6_TIM2_3.o
                0x000000000800228c                MCAL_TIMx_Set_Compare_Value
 .text.USART1_IRQHandler
                0x00000000080022f0       0x14 ./stm32_f103c6_Drivers/stm32_f103c6_USART.o
                0x00000000080022f0                USART1_IRQHandler
 .text.USART2_IRQHandler
                0x0000000008002304       0x14 ./stm32_f103c6_Drivers/stm32_f103c6_USART.o
                0x0000000008002304                USART2_IRQHandler
 .text.USART3_IRQHandler
                0x0000000008002318       0x14 ./stm32_f103c6_Drivers/stm32_f103c6_USART.o
                0x0000000008002318                USART3_IRQHandler
 .text.__libc_init_array
                0x000000000800232c       0x48 c:/st/stm32cubeide_1.4.0/stm32cubeide/plugins/com.st.stm32cube.ide.mcu.externaltools.gnu-tools-for-stm32.10.3-2021.10.win32_1.0.0.202111181127/tools/bin/../lib/gcc/arm-none-eabi/10.3.1/../../../../arm-none-eabi/lib/thumb/v7-m/nofp\libc_nano.a(lib_a-init.o)
                0x000000000800232c                __libc_init_array
 *(.glue_7)
 .glue_7        0x0000000008002374        0x0 linker stubs
 *(.glue_7t)
 .glue_7t       0x0000000008002374        0x0 linker stubs
 *(.eh_frame)
 .eh_frame      0x0000000008002374        0x0 c:/st/stm32cubeide_1.4.0/stm32cubeide/plugins/com.st.stm32cube.ide.mcu.externaltools.gnu-tools-for-stm32.10.3-2021.10.win32_1.0.0.202111181127/tools/bin/../lib/gcc/arm-none-eabi/10.3.1/thumb/v7-m/nofp/crtbegin.o
 *(.init)
 .init          0x0000000008002374        0x4 c:/st/stm32cubeide_1.4.0/stm32cubeide/plugins/com.st.stm32cube.ide.mcu.externaltools.gnu-tools-for-stm32.10.3-2021.10.win32_1.0.0.202111181127/tools/bin/../lib/gcc/arm-none-eabi/10.3.1/thumb/v7-m/nofp/crti.o
                0x0000000008002374                _init
 .init          0x0000000008002378        0x8 c:/st/stm32cubeide_1.4.0/stm32cubeide/plugins/com.st.stm32cube.ide.mcu.externaltools.gnu-tools-for-stm32.10.3-2021.10.win32_1.0.0.202111181127/tools/bin/../lib/gcc/arm-none-eabi/10.3.1/thumb/v7-m/nofp/crtn.o
 *(.fini)
 .fini          0x0000000008002380        0x4 c:/st/stm32cubeide_1.4.0/stm32cubeide/plugins/com.st.stm32cube.ide.mcu.externaltools.gnu-tools-for-stm32.10.3-2021.10.win32_1.0.0.202111181127/tools/bin/../lib/gcc/arm-none-eabi/10.3.1/thumb/v7-m/nofp/crti.o
                0x0000000008002380                _fini
 .fini          0x0000000008002384        0x8 c:/st/stm32cubeide_1.4.0/stm32cubeide/plugins/com.st.stm32cube.ide.mcu.externaltools.gnu-tools-for-stm32.10.3-2021.10.win32_1.0.0.202111181127/tools/bin/../lib/gcc/arm-none-eabi/10.3.1/thumb/v7-m/nofp/crtn.o
                0x000000000800238c                . = ALIGN (0x4)
                0x000000000800238c                _etext = .

.vfp11_veneer   0x000000000800238c        0x0
 .vfp11_veneer  0x000000000800238c        0x0 linker stubs

.v4_bx          0x000000000800238c        0x0
 .v4_bx         0x000000000800238c        0x0 linker stubs

.iplt           0x000000000800238c        0x0
 .iplt          0x000000000800238c        0x0 c:/st/stm32cubeide_1.4.0/stm32cubeide/plugins/com.st.stm32cube.ide.mcu.externaltools.gnu-tools-for-stm32.10.3-2021.10.win32_1.0.0.202111181127/tools/bin/../lib/gcc/arm-none-eabi/10.3.1/thumb/v7-m/nofp/crtbegin.o

.rel.dyn        0x000000000800238c        0x0
 .rel.iplt      0x000000000800238c        0x0 c:/st/stm32cubeide_1.4.0/stm32cubeide/plugins/com.st.stm32cube.ide.mcu.externaltools.gnu-tools-for-stm32.10.3-2021.10.win32_1.0.0.202111181127/tools/bin/../lib/gcc/arm-none-eabi/10.3.1/thumb/v7-m/nofp/crtbegin.o

.rodata         0x000000000800238c        0x0
                0x000000000800238c                . = ALIGN (0x4)
 *(.rodata)
 *(.rodata*)
                0x000000000800238c                . = ALIGN (0x4)

.ARM.extab      0x000000000800238c        0x0
                0x000000000800238c                . = ALIGN (0x4)
 *(.ARM.extab* .gnu.linkonce.armextab.*)
                0x000000000800238c                . = ALIGN (0x4)

.ARM            0x000000000800238c        0x0
                0x000000000800238c                . = ALIGN (0x4)
                0x000000000800238c                __exidx_start = .
 *(.ARM.exidx*)
                0x000000000800238c                __exidx_end = .
                0x000000000800238c                . = ALIGN (0x4)

.preinit_array  0x000000000800238c        0x0
                0x000000000800238c                . = ALIGN (0x4)
                0x000000000800238c                PROVIDE (__preinit_array_start = .)
 *(.preinit_array*)
                0x000000000800238c                PROVIDE (__preinit_array_end = .)
                0x000000000800238c                . = ALIGN (0x4)

.init_array     0x000000000800238c        0x4
                0x000000000800238c                . = ALIGN (0x4)
                0x000000000800238c                PROVIDE (__init_array_start = .)
 *(SORT_BY_NAME(.init_array.*))
 *(.init_array*)
 .init_array    0x000000000800238c        0x4 c:/st/stm32cubeide_1.4.0/stm32cubeide/plugins/com.st.stm32cube.ide.mcu.externaltools.gnu-tools-for-stm32.10.3-2021.10.win32_1.0.0.202111181127/tools/bin/../lib/gcc/arm-none-eabi/10.3.1/thumb/v7-m/nofp/crtbegin.o
                0x0000000008002390                PROVIDE (__init_array_end = .)
                0x0000000008002390                . = ALIGN (0x4)

.fini_array     0x0000000008002390        0x4
                0x0000000008002390                . = ALIGN (0x4)
                [!provide]                        PROVIDE (__fini_array_start = .)
 *(SORT_BY_NAME(.fini_array.*))
 *(.fini_array*)
 .fini_array    0x0000000008002390        0x4 c:/st/stm32cubeide_1.4.0/stm32cubeide/plugins/com.st.stm32cube.ide.mcu.externaltools.gnu-tools-for-stm32.10.3-2021.10.win32_1.0.0.202111181127/tools/bin/../lib/gcc/arm-none-eabi/10.3.1/thumb/v7-m/nofp/crtbegin.o
                [!provide]                        PROVIDE (__fini_array_end = .)
                0x0000000008002394                . = ALIGN (0x4)
                0x0000000008002394                _sidata = LOADADDR (.data)

.data           0x0000000020000000        0x4 load address 0x0000000008002394
                0x0000000020000000                . = ALIGN (0x4)
                0x0000000020000000                _sdata = .
 *(.data)
 *(.data*)
 .data.n        0x0000000020000000        0x4 ./Src/main.o
 *(.RamFunc)
 *(.RamFunc*)
                0x0000000020000004                . = ALIGN (0x4)
                0x0000000020000004                _edata = .

.igot.plt       0x0000000020000004        0x0 load address 0x0000000008002398
 .igot.plt      0x0000000020000004        0x0 c:/st/stm32cubeide_1.4.0/stm32cubeide/plugins/com.st.stm32cube.ide.mcu.externaltools.gnu-tools-for-stm32.10.3-2021.10.win32_1.0.0.202111181127/tools/bin/../lib/gcc/arm-none-eabi/10.3.1/thumb/v7-m/nofp/crtbegin.o
                0x0000000020000004                . = ALIGN (0x4)

.bss            0x0000000020000004       0xbc load address 0x0000000008002398
                0x0000000020000004                _sbss = .
                0x0000000020000004                __bss_start__ = _sbss
 *(.bss)
 .bss           0x0000000020000004       0x1c c:/st/stm32cubeide_1.4.0/stm32cubeide/plugins/com.st.stm32cube.ide.mcu.externaltools.gnu-tools-for-stm32.10.3-2021.10.win32_1.0.0.202111181127/tools/bin/../lib/gcc/arm-none-eabi/10.3.1/thumb/v7-m/nofp/crtbegin.o
 *(.bss*)
 .bss.Timer2    0x0000000020000020       0x10 ./HAL/DC_Motor.o
                0x0000000020000020                Timer2
 .bss.GPIO_Pin  0x0000000020000030        0x4 ./HAL/DC_Motor.o
 .bss.GPIO_Pin  0x0000000020000034        0x4 ./HAL/Ultrasonic.o
 .bss.GP_IRQ_CALL
                0x0000000020000038       0x3c ./stm32_f103c6_Drivers/stm32_f103c6_EXTI.o
                0x0000000020000038                GP_IRQ_CALL
 .bss.g_I2C_Config
                0x0000000020000074       0x38 ./stm32_f103c6_Drivers/stm32_f103c6_I2C.o
                0x0000000020000074                g_I2C_Config
 .bss.g_SPI_Config
                0x00000000200000ac        0x8 ./stm32_f103c6_Drivers/stm32_f103c6_SPI.o
                0x00000000200000ac                g_SPI_Config
 .bss.g_USART_Config
                0x00000000200000b4        0xc ./stm32_f103c6_Drivers/stm32_f103c6_USART.o
                0x00000000200000b4                g_USART_Config
 *(COMMON)
                0x00000000200000c0                . = ALIGN (0x4)
                0x00000000200000c0                _ebss = .
                0x00000000200000c0                __bss_end__ = _ebss

._user_heap_stack
                0x00000000200000c0      0x600 load address 0x0000000008002398
                0x00000000200000c0                . = ALIGN (0x8)
                [!provide]                        PROVIDE (end = .)
                0x00000000200000c0                PROVIDE (_end = .)
                0x00000000200002c0                . = (. + _Min_Heap_Size)
 *fill*         0x00000000200000c0      0x200 
                0x00000000200006c0                . = (. + _Min_Stack_Size)
 *fill*         0x00000000200002c0      0x400 
                0x00000000200006c0                . = ALIGN (0x8)

/DISCARD/
 libc.a(*)
 libm.a(*)
 libgcc.a(*)

.ARM.attributes
                0x0000000000000000       0x29
 *(.ARM.attributes)
 .ARM.attributes
                0x0000000000000000       0x1d c:/st/stm32cubeide_1.4.0/stm32cubeide/plugins/com.st.stm32cube.ide.mcu.externaltools.gnu-tools-for-stm32.10.3-2021.10.win32_1.0.0.202111181127/tools/bin/../lib/gcc/arm-none-eabi/10.3.1/thumb/v7-m/nofp/crti.o
 .ARM.attributes
                0x000000000000001d       0x2d c:/st/stm32cubeide_1.4.0/stm32cubeide/plugins/com.st.stm32cube.ide.mcu.externaltools.gnu-tools-for-stm32.10.3-2021.10.win32_1.0.0.202111181127/tools/bin/../lib/gcc/arm-none-eabi/10.3.1/thumb/v7-m/nofp/crtbegin.o
 .ARM.attributes
                0x000000000000004a       0x2d ./HAL/DC_Motor.o
 .ARM.attributes
                0x0000000000000077       0x2d ./HAL/Flame_Sensor.o
 .ARM.attributes
                0x00000000000000a4       0x2d ./HAL/Ultrasonic.o
 .ARM.attributes
                0x00000000000000d1       0x2d ./Src/main.o
 .ARM.attributes
                0x00000000000000fe       0x21 ./Startup/startup_stm32f103c6tx.o
 .ARM.attributes
                0x000000000000011f       0x2d ./stm32_f103c6_Drivers/delay.o
 .ARM.attributes
                0x000000000000014c       0x2d ./stm32_f103c6_Drivers/stm32_f103c6_EXTI.o
 .ARM.attributes
                0x0000000000000179       0x2d ./stm32_f103c6_Drivers/stm32_f103c6_GPIO.o
 .ARM.attributes
                0x00000000000001a6       0x2d ./stm32_f103c6_Drivers/stm32_f103c6_I2C.o
 .ARM.attributes
                0x00000000000001d3       0x2d ./stm32_f103c6_Drivers/stm32_f103c6_SPI.o
 .ARM.attributes
                0x0000000000000200       0x2d ./stm32_f103c6_Drivers/stm32_f103c6_TIM2_3.o
 .ARM.attributes
                0x000000000000022d       0x2d ./stm32_f103c6_Drivers/stm32_f103c6_USART.o
 .ARM.attributes
                0x000000000000025a       0x2d c:/st/stm32cubeide_1.4.0/stm32cubeide/plugins/com.st.stm32cube.ide.mcu.externaltools.gnu-tools-for-stm32.10.3-2021.10.win32_1.0.0.202111181127/tools/bin/../lib/gcc/arm-none-eabi/10.3.1/../../../../arm-none-eabi/lib/thumb/v7-m/nofp\libc_nano.a(lib_a-init.o)
 .ARM.attributes
                0x0000000000000287       0x1d c:/st/stm32cubeide_1.4.0/stm32cubeide/plugins/com.st.stm32cube.ide.mcu.externaltools.gnu-tools-for-stm32.10.3-2021.10.win32_1.0.0.202111181127/tools/bin/../lib/gcc/arm-none-eabi/10.3.1/thumb/v7-m/nofp\libgcc.a(_arm_addsubdf3.o)
 .ARM.attributes
                0x00000000000002a4       0x1d c:/st/stm32cubeide_1.4.0/stm32cubeide/plugins/com.st.stm32cube.ide.mcu.externaltools.gnu-tools-for-stm32.10.3-2021.10.win32_1.0.0.202111181127/tools/bin/../lib/gcc/arm-none-eabi/10.3.1/thumb/v7-m/nofp\libgcc.a(_arm_muldivdf3.o)
 .ARM.attributes
                0x00000000000002c1       0x1d c:/st/stm32cubeide_1.4.0/stm32cubeide/plugins/com.st.stm32cube.ide.mcu.externaltools.gnu-tools-for-stm32.10.3-2021.10.win32_1.0.0.202111181127/tools/bin/../lib/gcc/arm-none-eabi/10.3.1/thumb/v7-m/nofp\libgcc.a(_arm_truncdfsf2.o)
 .ARM.attributes
                0x00000000000002de       0x1d c:/st/stm32cubeide_1.4.0/stm32cubeide/plugins/com.st.stm32cube.ide.mcu.externaltools.gnu-tools-for-stm32.10.3-2021.10.win32_1.0.0.202111181127/tools/bin/../lib/gcc/arm-none-eabi/10.3.1/thumb/v7-m/nofp\libgcc.a(_arm_addsubsf3.o)
 .ARM.attributes
                0x00000000000002fb       0x1d c:/st/stm32cubeide_1.4.0/stm32cubeide/plugins/com.st.stm32cube.ide.mcu.externaltools.gnu-tools-for-stm32.10.3-2021.10.win32_1.0.0.202111181127/tools/bin/../lib/gcc/arm-none-eabi/10.3.1/thumb/v7-m/nofp\libgcc.a(_arm_cmpsf2.o)
 .ARM.attributes
                0x0000000000000318       0x1d c:/st/stm32cubeide_1.4.0/stm32cubeide/plugins/com.st.stm32cube.ide.mcu.externaltools.gnu-tools-for-stm32.10.3-2021.10.win32_1.0.0.202111181127/tools/bin/../lib/gcc/arm-none-eabi/10.3.1/thumb/v7-m/nofp/crtn.o
OUTPUT(Firefighter-Robot_Code.axf elf32-littlearm)
LOAD linker stubs
LOAD c:/st/stm32cubeide_1.4.0/stm32cubeide/plugins/com.st.stm32cube.ide.mcu.externaltools.gnu-tools-for-stm32.10.3-2021.10.win32_1.0.0.202111181127/tools/bin/../lib/gcc/arm-none-eabi/10.3.1/../../../../arm-none-eabi/lib/thumb/v7-m/nofp\libc.a
LOAD c:/st/stm32cubeide_1.4.0/stm32cubeide/plugins/com.st.stm32cube.ide.mcu.externaltools.gnu-tools-for-stm32.10.3-2021.10.win32_1.0.0.202111181127/tools/bin/../lib/gcc/arm-none-eabi/10.3.1/../../../../arm-none-eabi/lib/thumb/v7-m/nofp\libm.a
LOAD c:/st/stm32cubeide_1.4.0/stm32cubeide/plugins/com.st.stm32cube.ide.mcu.externaltools.gnu-tools-for-stm32.10.3-2021.10.win32_1.0.0.202111181127/tools/bin/../lib/gcc/arm-none-eabi/10.3.1/thumb/v7-m/nofp\libgcc.a

.debug_info     0x0000000000000000     0x3983
 .debug_info    0x0000000000000000      0x56f ./HAL/DC_Motor.o
 .debug_info    0x000000000000056f      0x3c1 ./HAL/Flame_Sensor.o
 .debug_info    0x0000000000000930      0x264 ./HAL/Ultrasonic.o
 .debug_info    0x0000000000000b94      0x5b1 ./Src/main.o
 .debug_info    0x0000000000001145       0x22 ./Startup/startup_stm32f103c6tx.o
 .debug_info    0x0000000000001167      0x230 ./stm32_f103c6_Drivers/delay.o
 .debug_info    0x0000000000001397      0x52f ./stm32_f103c6_Drivers/stm32_f103c6_EXTI.o
 .debug_info    0x00000000000018c6      0x498 ./stm32_f103c6_Drivers/stm32_f103c6_GPIO.o
 .debug_info    0x0000000000001d5e      0x924 ./stm32_f103c6_Drivers/stm32_f103c6_I2C.o
 .debug_info    0x0000000000002682      0x67d ./stm32_f103c6_Drivers/stm32_f103c6_SPI.o
 .debug_info    0x0000000000002cff      0x635 ./stm32_f103c6_Drivers/stm32_f103c6_TIM2_3.o
 .debug_info    0x0000000000003334      0x64f ./stm32_f103c6_Drivers/stm32_f103c6_USART.o

.debug_abbrev   0x0000000000000000     0x1156
 .debug_abbrev  0x0000000000000000      0x17a ./HAL/DC_Motor.o
 .debug_abbrev  0x000000000000017a      0x13d ./HAL/Flame_Sensor.o
 .debug_abbrev  0x00000000000002b7      0x10c ./HAL/Ultrasonic.o
 .debug_abbrev  0x00000000000003c3      0x213 ./Src/main.o
 .debug_abbrev  0x00000000000005d6       0x12 ./Startup/startup_stm32f103c6tx.o
 .debug_abbrev  0x00000000000005e8       0xbd ./stm32_f103c6_Drivers/delay.o
 .debug_abbrev  0x00000000000006a5      0x189 ./stm32_f103c6_Drivers/stm32_f103c6_EXTI.o
 .debug_abbrev  0x000000000000082e      0x16f ./stm32_f103c6_Drivers/stm32_f103c6_GPIO.o
 .debug_abbrev  0x000000000000099d      0x249 ./stm32_f103c6_Drivers/stm32_f103c6_I2C.o
 .debug_abbrev  0x0000000000000be6      0x1f4 ./stm32_f103c6_Drivers/stm32_f103c6_SPI.o
 .debug_abbrev  0x0000000000000dda      0x19a ./stm32_f103c6_Drivers/stm32_f103c6_TIM2_3.o
 .debug_abbrev  0x0000000000000f74      0x1e2 ./stm32_f103c6_Drivers/stm32_f103c6_USART.o

.debug_loc      0x0000000000000000     0x1ac4
 .debug_loc     0x0000000000000000      0x214 ./HAL/DC_Motor.o
 .debug_loc     0x0000000000000214      0x184 ./HAL/Flame_Sensor.o
 .debug_loc     0x0000000000000398       0x7c ./HAL/Ultrasonic.o
 .debug_loc     0x0000000000000414      0x290 ./Src/main.o
 .debug_loc     0x00000000000006a4       0xb8 ./stm32_f103c6_Drivers/delay.o
 .debug_loc     0x000000000000075c      0x320 ./stm32_f103c6_Drivers/stm32_f103c6_EXTI.o
 .debug_loc     0x0000000000000a7c      0x330 ./stm32_f103c6_Drivers/stm32_f103c6_GPIO.o
 .debug_loc     0x0000000000000dac      0x458 ./stm32_f103c6_Drivers/stm32_f103c6_I2C.o
 .debug_loc     0x0000000000001204      0x2bc ./stm32_f103c6_Drivers/stm32_f103c6_SPI.o
 .debug_loc     0x00000000000014c0      0x2d0 ./stm32_f103c6_Drivers/stm32_f103c6_TIM2_3.o
 .debug_loc     0x0000000000001790      0x334 ./stm32_f103c6_Drivers/stm32_f103c6_USART.o

.debug_aranges  0x0000000000000000      0x418
 .debug_aranges
                0x0000000000000000       0x58 ./HAL/DC_Motor.o
 .debug_aranges
                0x0000000000000058       0x58 ./HAL/Flame_Sensor.o
 .debug_aranges
                0x00000000000000b0       0x28 ./HAL/Ultrasonic.o
 .debug_aranges
                0x00000000000000d8       0x68 ./Src/main.o
 .debug_aranges
                0x0000000000000140       0x28 ./Startup/startup_stm32f103c6tx.o
 .debug_aranges
                0x0000000000000168       0x28 ./stm32_f103c6_Drivers/delay.o
 .debug_aranges
                0x0000000000000190       0x80 ./stm32_f103c6_Drivers/stm32_f103c6_EXTI.o
 .debug_aranges
                0x0000000000000210       0x60 ./stm32_f103c6_Drivers/stm32_f103c6_GPIO.o
 .debug_aranges
                0x0000000000000270       0x80 ./stm32_f103c6_Drivers/stm32_f103c6_I2C.o
 .debug_aranges
                0x00000000000002f0       0x58 ./stm32_f103c6_Drivers/stm32_f103c6_SPI.o
 .debug_aranges
                0x0000000000000348       0x60 ./stm32_f103c6_Drivers/stm32_f103c6_TIM2_3.o
 .debug_aranges
                0x00000000000003a8       0x70 ./stm32_f103c6_Drivers/stm32_f103c6_USART.o

.debug_ranges   0x0000000000000000      0x360
 .debug_ranges  0x0000000000000000       0x48 ./HAL/DC_Motor.o
 .debug_ranges  0x0000000000000048       0x48 ./HAL/Flame_Sensor.o
 .debug_ranges  0x0000000000000090       0x18 ./HAL/Ultrasonic.o
 .debug_ranges  0x00000000000000a8       0x58 ./Src/main.o
 .debug_ranges  0x0000000000000100       0x20 ./Startup/startup_stm32f103c6tx.o
 .debug_ranges  0x0000000000000120       0x18 ./stm32_f103c6_Drivers/delay.o
 .debug_ranges  0x0000000000000138       0x70 ./stm32_f103c6_Drivers/stm32_f103c6_EXTI.o
 .debug_ranges  0x00000000000001a8       0x50 ./stm32_f103c6_Drivers/stm32_f103c6_GPIO.o
 .debug_ranges  0x00000000000001f8       0x70 ./stm32_f103c6_Drivers/stm32_f103c6_I2C.o
 .debug_ranges  0x0000000000000268       0x48 ./stm32_f103c6_Drivers/stm32_f103c6_SPI.o
 .debug_ranges  0x00000000000002b0       0x50 ./stm32_f103c6_Drivers/stm32_f103c6_TIM2_3.o
 .debug_ranges  0x0000000000000300       0x60 ./stm32_f103c6_Drivers/stm32_f103c6_USART.o

.debug_macro    0x0000000000000000     0x3ec9
 .debug_macro   0x0000000000000000      0x17d ./HAL/DC_Motor.o
 .debug_macro   0x000000000000017d      0xa72 ./HAL/DC_Motor.o
 .debug_macro   0x0000000000000bef       0x22 ./HAL/DC_Motor.o
 .debug_macro   0x0000000000000c11       0x8e ./HAL/DC_Motor.o
 .debug_macro   0x0000000000000c9f       0x51 ./HAL/DC_Motor.o
 .debug_macro   0x0000000000000cf0      0x103 ./HAL/DC_Motor.o
 .debug_macro   0x0000000000000df3       0x6a ./HAL/DC_Motor.o
 .debug_macro   0x0000000000000e5d      0x1df ./HAL/DC_Motor.o
 .debug_macro   0x000000000000103c       0x18 ./HAL/DC_Motor.o
 .debug_macro   0x0000000000001054       0x52 ./HAL/DC_Motor.o
 .debug_macro   0x00000000000010a6       0x3c ./HAL/DC_Motor.o
 .debug_macro   0x00000000000010e2       0x34 ./HAL/DC_Motor.o
 .debug_macro   0x0000000000001116       0x16 ./HAL/DC_Motor.o
 .debug_macro   0x000000000000112c      0x10e ./HAL/DC_Motor.o
 .debug_macro   0x000000000000123a       0x8d ./HAL/DC_Motor.o
 .debug_macro   0x00000000000012c7       0x16 ./HAL/DC_Motor.o
 .debug_macro   0x00000000000012dd       0x43 ./HAL/DC_Motor.o
 .debug_macro   0x0000000000001320       0x34 ./HAL/DC_Motor.o
 .debug_macro   0x0000000000001354       0x10 ./HAL/DC_Motor.o
 .debug_macro   0x0000000000001364       0x58 ./HAL/DC_Motor.o
 .debug_macro   0x00000000000013bc       0x71 ./HAL/DC_Motor.o
 .debug_macro   0x000000000000142d       0x1c ./HAL/DC_Motor.o
 .debug_macro   0x0000000000001449      0x12a ./HAL/DC_Motor.o
 .debug_macro   0x0000000000001573      0x341 ./HAL/DC_Motor.o
 .debug_macro   0x00000000000018b4       0x16 ./HAL/DC_Motor.o
 .debug_macro   0x00000000000018ca       0x29 ./HAL/DC_Motor.o
 .debug_macro   0x00000000000018f3      0x7d2 ./HAL/DC_Motor.o
 .debug_macro   0x00000000000020c5       0x16 ./HAL/DC_Motor.o
 .debug_macro   0x00000000000020db       0xd6 ./HAL/DC_Motor.o
 .debug_macro   0x00000000000021b1       0x22 ./HAL/DC_Motor.o
 .debug_macro   0x00000000000021d3      0x118 ./HAL/DC_Motor.o
 .debug_macro   0x00000000000022eb      0x173 ./HAL/Flame_Sensor.o
 .debug_macro   0x000000000000245e       0x58 ./HAL/Flame_Sensor.o
 .debug_macro   0x00000000000024b6       0x28 ./HAL/Flame_Sensor.o
 .debug_macro   0x00000000000024de      0x181 ./HAL/Ultrasonic.o
 .debug_macro   0x000000000000265f       0x10 ./HAL/Ultrasonic.o
 .debug_macro   0x000000000000266f      0x21a ./Src/main.o
 .debug_macro   0x0000000000002889      0x220 ./Src/main.o
 .debug_macro   0x0000000000002aa9       0xf9 ./Src/main.o
 .debug_macro   0x0000000000002ba2       0xff ./Src/main.o
 .debug_macro   0x0000000000002ca1       0x5e ./Src/main.o
 .debug_macro   0x0000000000002cff       0xa0 ./Src/main.o
 .debug_macro   0x0000000000002d9f       0x40 ./Src/main.o
 .debug_macro   0x0000000000002ddf       0x10 ./Src/main.o
 .debug_macro   0x0000000000002def       0x5e ./Src/main.o
 .debug_macro   0x0000000000002e4d      0x11e ./Src/main.o
 .debug_macro   0x0000000000002f6b       0x16 ./Src/main.o
 .debug_macro   0x0000000000002f81       0x2e ./Src/main.o
 .debug_macro   0x0000000000002faf      0x16c ./Src/main.o
 .debug_macro   0x000000000000311b      0x16e ./stm32_f103c6_Drivers/delay.o
 .debug_macro   0x0000000000003289      0x161 ./stm32_f103c6_Drivers/stm32_f103c6_EXTI.o
 .debug_macro   0x00000000000033ea      0x21a ./stm32_f103c6_Drivers/stm32_f103c6_EXTI.o
 .debug_macro   0x0000000000003604      0x152 ./stm32_f103c6_Drivers/stm32_f103c6_GPIO.o
 .debug_macro   0x0000000000003756      0x164 ./stm32_f103c6_Drivers/stm32_f103c6_I2C.o
 .debug_macro   0x00000000000038ba      0x15b ./stm32_f103c6_Drivers/stm32_f103c6_SPI.o
 .debug_macro   0x0000000000003a15       0xf9 ./stm32_f103c6_Drivers/stm32_f103c6_SPI.o
 .debug_macro   0x0000000000003b0e      0x164 ./stm32_f103c6_Drivers/stm32_f103c6_TIM2_3.o
 .debug_macro   0x0000000000003c72      0x164 ./stm32_f103c6_Drivers/stm32_f103c6_USART.o
 .debug_macro   0x0000000000003dd6       0xf3 ./stm32_f103c6_Drivers/stm32_f103c6_USART.o

.debug_line     0x0000000000000000     0x5973
 .debug_line    0x0000000000000000      0x6fc ./HAL/DC_Motor.o
 .debug_line    0x00000000000006fc      0x6ae ./HAL/Flame_Sensor.o
 .debug_line    0x0000000000000daa      0x616 ./HAL/Ultrasonic.o
 .debug_line    0x00000000000013c0      0x9fe ./Src/main.o
 .debug_line    0x0000000000001dbe       0x84 ./Startup/startup_stm32f103c6tx.o
 .debug_line    0x0000000000001e42      0x619 ./stm32_f103c6_Drivers/delay.o
 .debug_line    0x000000000000245b      0x966 ./stm32_f103c6_Drivers/stm32_f103c6_EXTI.o
 .debug_line    0x0000000000002dc1      0x799 ./stm32_f103c6_Drivers/stm32_f103c6_GPIO.o
 .debug_line    0x000000000000355a      0xa3a ./stm32_f103c6_Drivers/stm32_f103c6_I2C.o
 .debug_line    0x0000000000003f94      0x8b6 ./stm32_f103c6_Drivers/stm32_f103c6_SPI.o
 .debug_line    0x000000000000484a      0x84c ./stm32_f103c6_Drivers/stm32_f103c6_TIM2_3.o
 .debug_line    0x0000000000005096      0x8dd ./stm32_f103c6_Drivers/stm32_f103c6_USART.o

.debug_str      0x0000000000000000     0xdd9a
 .debug_str     0x0000000000000000     0xa303 ./HAL/DC_Motor.o
                                       0xa524 (size before relaxing)
 .debug_str     0x000000000000a303      0x3e0 ./HAL/Flame_Sensor.o
                                       0x9eef (size before relaxing)
 .debug_str     0x000000000000a6e3       0xa5 ./HAL/Ultrasonic.o
                                       0x9c92 (size before relaxing)
 .debug_str     0x000000000000a788     0x2b5d ./Src/main.o
                                       0xd318 (size before relaxing)
 .debug_str     0x000000000000d2e5       0x31 ./Startup/startup_stm32f103c6tx.o
                                         0x74 (size before relaxing)
 .debug_str     0x000000000000d316       0x29 ./stm32_f103c6_Drivers/delay.o
                                       0x9bcc (size before relaxing)
 .debug_str     0x000000000000d33f      0x246 ./stm32_f103c6_Drivers/stm32_f103c6_EXTI.o
                                       0xb05a (size before relaxing)
 .debug_str     0x000000000000d585       0xbd ./stm32_f103c6_Drivers/stm32_f103c6_GPIO.o
                                       0x9bdc (size before relaxing)
 .debug_str     0x000000000000d642      0x323 ./stm32_f103c6_Drivers/stm32_f103c6_I2C.o
                                       0xa0c6 (size before relaxing)
 .debug_str     0x000000000000d965      0x1ed ./stm32_f103c6_Drivers/stm32_f103c6_SPI.o
                                       0xa449 (size before relaxing)
 .debug_str     0x000000000000db52       0xc1 ./stm32_f103c6_Drivers/stm32_f103c6_TIM2_3.o
                                       0x9dd3 (size before relaxing)
 .debug_str     0x000000000000dc13      0x187 ./stm32_f103c6_Drivers/stm32_f103c6_USART.o
                                       0xa388 (size before relaxing)

.comment        0x0000000000000000       0x50
 .comment       0x0000000000000000       0x50 ./HAL/DC_Motor.o
                                         0x51 (size before relaxing)
 .comment       0x0000000000000050       0x51 ./HAL/Flame_Sensor.o
 .comment       0x0000000000000050       0x51 ./HAL/Ultrasonic.o
 .comment       0x0000000000000050       0x51 ./Src/main.o
 .comment       0x0000000000000050       0x51 ./stm32_f103c6_Drivers/delay.o
 .comment       0x0000000000000050       0x51 ./stm32_f103c6_Drivers/stm32_f103c6_EXTI.o
 .comment       0x0000000000000050       0x51 ./stm32_f103c6_Drivers/stm32_f103c6_GPIO.o
 .comment       0x0000000000000050       0x51 ./stm32_f103c6_Drivers/stm32_f103c6_I2C.o
 .comment       0x0000000000000050       0x51 ./stm32_f103c6_Drivers/stm32_f103c6_SPI.o
 .comment       0x0000000000000050       0x51 ./stm32_f103c6_Drivers/stm32_f103c6_TIM2_3.o
 .comment       0x0000000000000050       0x51 ./stm32_f103c6_Drivers/stm32_f103c6_USART.o

.debug_frame    0x0000000000000000      0xfe8
 .debug_frame   0x0000000000000000      0x118 ./HAL/DC_Motor.o
 .debug_frame   0x0000000000000118       0xf8 ./HAL/Flame_Sensor.o
 .debug_frame   0x0000000000000210       0x50 ./HAL/Ultrasonic.o
 .debug_frame   0x0000000000000260      0x15c ./Src/main.o
 .debug_frame   0x00000000000003bc       0x60 ./stm32_f103c6_Drivers/delay.o
 .debug_frame   0x000000000000041c      0x1b0 ./stm32_f103c6_Drivers/stm32_f103c6_EXTI.o
 .debug_frame   0x00000000000005cc      0x178 ./stm32_f103c6_Drivers/stm32_f103c6_GPIO.o
 .debug_frame   0x0000000000000744      0x204 ./stm32_f103c6_Drivers/stm32_f103c6_I2C.o
 .debug_frame   0x0000000000000948      0x148 ./stm32_f103c6_Drivers/stm32_f103c6_SPI.o
 .debug_frame   0x0000000000000a90      0x164 ./stm32_f103c6_Drivers/stm32_f103c6_TIM2_3.o
 .debug_frame   0x0000000000000bf4      0x194 ./stm32_f103c6_Drivers/stm32_f103c6_USART.o
 .debug_frame   0x0000000000000d88       0x2c c:/st/stm32cubeide_1.4.0/stm32cubeide/plugins/com.st.stm32cube.ide.mcu.externaltools.gnu-tools-for-stm32.10.3-2021.10.win32_1.0.0.202111181127/tools/bin/../lib/gcc/arm-none-eabi/10.3.1/../../../../arm-none-eabi/lib/thumb/v7-m/nofp\libc_nano.a(lib_a-init.o)
 .debug_frame   0x0000000000000db4       0xac c:/st/stm32cubeide_1.4.0/stm32cubeide/plugins/com.st.stm32cube.ide.mcu.externaltools.gnu-tools-for-stm32.10.3-2021.10.win32_1.0.0.202111181127/tools/bin/../lib/gcc/arm-none-eabi/10.3.1/thumb/v7-m/nofp\libgcc.a(_arm_addsubdf3.o)
 .debug_frame   0x0000000000000e60       0x50 c:/st/stm32cubeide_1.4.0/stm32cubeide/plugins/com.st.stm32cube.ide.mcu.externaltools.gnu-tools-for-stm32.10.3-2021.10.win32_1.0.0.202111181127/tools/bin/../lib/gcc/arm-none-eabi/10.3.1/thumb/v7-m/nofp\libgcc.a(_arm_muldivdf3.o)
 .debug_frame   0x0000000000000eb0       0x24 c:/st/stm32cubeide_1.4.0/stm32cubeide/plugins/com.st.stm32cube.ide.mcu.externaltools.gnu-tools-for-stm32.10.3-2021.10.win32_1.0.0.202111181127/tools/bin/../lib/gcc/arm-none-eabi/10.3.1/thumb/v7-m/nofp\libgcc.a(_arm_truncdfsf2.o)
 .debug_frame   0x0000000000000ed4       0x4c c:/st/stm32cubeide_1.4.0/stm32cubeide/plugins/com.st.stm32cube.ide.mcu.externaltools.gnu-tools-for-stm32.10.3-2021.10.win32_1.0.0.202111181127/tools/bin/../lib/gcc/arm-none-eabi/10.3.1/thumb/v7-m/nofp\libgcc.a(_arm_addsubsf3.o)
 .debug_frame   0x0000000000000f20       0xc8 c:/st/stm32cubeide_1.4.0/stm32cubeide/plugins/com.st.stm32cube.ide.mcu.externaltools.gnu-tools-for-stm32.10.3-2021.10.win32_1.0.0.202111181127/tools/bin/../lib/gcc/arm-none-eabi/10.3.1/thumb/v7-m/nofp\libgcc.a(_arm_cmpsf2.o)
