Archive member included to satisfy reference by file (symbol)

c:/st/stm32cubeide_1.4.0/stm32cubeide/plugins/com.st.stm32cube.ide.mcu.externaltools.gnu-tools-for-stm32.10.3-2021.10.win32_1.0.0.202111181127/tools/bin/../lib/gcc/arm-none-eabi/10.3.1/../../../../arm-none-eabi/lib/thumb/v7-m/nofp\libc_nano.a(lib_a-errno.o)
                              ./Src/syscalls.o (__errno)
c:/st/stm32cubeide_1.4.0/stm32cubeide/plugins/com.st.stm32cube.ide.mcu.externaltools.gnu-tools-for-stm32.10.3-2021.10.win32_1.0.0.202111181127/tools/bin/../lib/gcc/arm-none-eabi/10.3.1/../../../../arm-none-eabi/lib/thumb/v7-m/nofp\libc_nano.a(lib_a-exit.o)
                              c:/st/stm32cubeide_1.4.0/stm32cubeide/plugins/com.st.stm32cube.ide.mcu.externaltools.gnu-tools-for-stm32.10.3-2021.10.win32_1.0.0.202111181127/tools/bin/../lib/gcc/arm-none-eabi/10.3.1/../../../../arm-none-eabi/lib/thumb/v7-m/nofp/crt0.o (exit)
c:/st/stm32cubeide_1.4.0/stm32cubeide/plugins/com.st.stm32cube.ide.mcu.externaltools.gnu-tools-for-stm32.10.3-2021.10.win32_1.0.0.202111181127/tools/bin/../lib/gcc/arm-none-eabi/10.3.1/../../../../arm-none-eabi/lib/thumb/v7-m/nofp\libc_nano.a(lib_a-impure.o)
                              c:/st/stm32cubeide_1.4.0/stm32cubeide/plugins/com.st.stm32cube.ide.mcu.externaltools.gnu-tools-for-stm32.10.3-2021.10.win32_1.0.0.202111181127/tools/bin/../lib/gcc/arm-none-eabi/10.3.1/../../../../arm-none-eabi/lib/thumb/v7-m/nofp\libc_nano.a(lib_a-exit.o) (_global_impure_ptr)
c:/st/stm32cubeide_1.4.0/stm32cubeide/plugins/com.st.stm32cube.ide.mcu.externaltools.gnu-tools-for-stm32.10.3-2021.10.win32_1.0.0.202111181127/tools/bin/../lib/gcc/arm-none-eabi/10.3.1/../../../../arm-none-eabi/lib/thumb/v7-m/nofp\libc_nano.a(lib_a-init.o)
                              c:/st/stm32cubeide_1.4.0/stm32cubeide/plugins/com.st.stm32cube.ide.mcu.externaltools.gnu-tools-for-stm32.10.3-2021.10.win32_1.0.0.202111181127/tools/bin/../lib/gcc/arm-none-eabi/10.3.1/../../../../arm-none-eabi/lib/thumb/v7-m/nofp/crt0.o (__libc_init_array)
c:/st/stm32cubeide_1.4.0/stm32cubeide/plugins/com.st.stm32cube.ide.mcu.externaltools.gnu-tools-for-stm32.10.3-2021.10.win32_1.0.0.202111181127/tools/bin/../lib/gcc/arm-none-eabi/10.3.1/../../../../arm-none-eabi/lib/thumb/v7-m/nofp\libc_nano.a(lib_a-memset.o)
                              c:/st/stm32cubeide_1.4.0/stm32cubeide/plugins/com.st.stm32cube.ide.mcu.externaltools.gnu-tools-for-stm32.10.3-2021.10.win32_1.0.0.202111181127/tools/bin/../lib/gcc/arm-none-eabi/10.3.1/../../../../arm-none-eabi/lib/thumb/v7-m/nofp/crt0.o (memset)
c:/st/stm32cubeide_1.4.0/stm32cubeide/plugins/com.st.stm32cube.ide.mcu.externaltools.gnu-tools-for-stm32.10.3-2021.10.win32_1.0.0.202111181127/tools/bin/../lib/gcc/arm-none-eabi/10.3.1/thumb/v7-m/nofp\libgcc.a(_arm_muldf3.o)
                              ./HAL/Servo.o (__aeabi_dmul)
c:/st/stm32cubeide_1.4.0/stm32cubeide/plugins/com.st.stm32cube.ide.mcu.externaltools.gnu-tools-for-stm32.10.3-2021.10.win32_1.0.0.202111181127/tools/bin/../lib/gcc/arm-none-eabi/10.3.1/thumb/v7-m/nofp\libgcc.a(_arm_addsubdf3.o)
                              ./HAL/Servo.o (__aeabi_dadd)
c:/st/stm32cubeide_1.4.0/stm32cubeide/plugins/com.st.stm32cube.ide.mcu.externaltools.gnu-tools-for-stm32.10.3-2021.10.win32_1.0.0.202111181127/tools/bin/../lib/gcc/arm-none-eabi/10.3.1/thumb/v7-m/nofp\libgcc.a(_arm_muldivdf3.o)
                              ./HAL/Servo.o (__aeabi_ddiv)
c:/st/stm32cubeide_1.4.0/stm32cubeide/plugins/com.st.stm32cube.ide.mcu.externaltools.gnu-tools-for-stm32.10.3-2021.10.win32_1.0.0.202111181127/tools/bin/../lib/gcc/arm-none-eabi/10.3.1/thumb/v7-m/nofp\libgcc.a(_arm_fixunsdfsi.o)
                              ./HAL/Servo.o (__aeabi_d2uiz)
c:/st/stm32cubeide_1.4.0/stm32cubeide/plugins/com.st.stm32cube.ide.mcu.externaltools.gnu-tools-for-stm32.10.3-2021.10.win32_1.0.0.202111181127/tools/bin/../lib/gcc/arm-none-eabi/10.3.1/thumb/v7-m/nofp\libgcc.a(_arm_truncdfsf2.o)
                              ./HAL/Ultrasonic.o (__aeabi_d2f)
c:/st/stm32cubeide_1.4.0/stm32cubeide/plugins/com.st.stm32cube.ide.mcu.externaltools.gnu-tools-for-stm32.10.3-2021.10.win32_1.0.0.202111181127/tools/bin/../lib/gcc/arm-none-eabi/10.3.1/thumb/v7-m/nofp\libgcc.a(_arm_addsubsf3.o)
                              ./stm32_f103c6_Drivers/stm32_f103c6_TIM2_3.o (__aeabi_fadd)
c:/st/stm32cubeide_1.4.0/stm32cubeide/plugins/com.st.stm32cube.ide.mcu.externaltools.gnu-tools-for-stm32.10.3-2021.10.win32_1.0.0.202111181127/tools/bin/../lib/gcc/arm-none-eabi/10.3.1/thumb/v7-m/nofp\libgcc.a(_arm_muldivsf3.o)
                              ./stm32_f103c6_Drivers/stm32_f103c6_TIM2_3.o (__aeabi_fdiv)
c:/st/stm32cubeide_1.4.0/stm32cubeide/plugins/com.st.stm32cube.ide.mcu.externaltools.gnu-tools-for-stm32.10.3-2021.10.win32_1.0.0.202111181127/tools/bin/../lib/gcc/arm-none-eabi/10.3.1/thumb/v7-m/nofp\libgcc.a(_arm_cmpsf2.o)
                              ./Src/main.o (__aeabi_fcmple)
[...]
Memory Configuration

Name             Origin             Length             Attributes
RAM              0x0000000020000000 0x0000000000002800 xrw
FLASH            0x0000000008000000 0x0000000000008000 xr
*default*        0x0000000000000000 0xffffffffffffffff

Linker script and memory map

LOAD c:/st/stm32cubeide_1.4.0/stm32cubeide/plugins/com.st.stm32cube.ide.mcu.externaltools.gnu-tools-for-stm32.10.3-2021.10.win32_1.0.0.202111181127/tools/bin/../lib/gcc/arm-none-eabi/10.3.1/thumb/v7-m/nofp/crti.o
LOAD c:/st/stm32cubeide_1.4.0/stm32cubeide/plugins/com.st.stm32cube.ide.mcu.externaltools.gnu-tools-for-stm32.10.3-2021.10.win32_1.0.0.202111181127/tools/bin/../lib/gcc/arm-none-eabi/10.3.1/thumb/v7-m/nofp/crtbegin.o
LOAD c:/st/stm32cubeide_1.4.0/stm32cubeide/plugins/com.st.stm32cube.ide.mcu.externaltools.gnu-tools-for-stm32.10.3-2021.10.win32_1.0.0.202111181127/tools/bin/../lib/gcc/arm-none-eabi/10.3.1/../../../../arm-none-eabi/lib/thumb/v7-m/nofp/crt0.o
LOAD ./HAL/DC_Motor.o
LOAD ./HAL/EEPROM.o
LOAD ./HAL/Flame_Sensor.o
LOAD ./HAL/Keypad.o
LOAD ./HAL/LCD.o
LOAD ./HAL/Servo.o
LOAD ./HAL/Ultrasonic.o
LOAD ./Src/main.o
LOAD ./Src/syscalls.o
LOAD ./Src/sysmem.o
LOAD ./Startup/startup_stm32f103c6tx.o
LOAD ./stm32_f103c6_Drivers/delay.o
LOAD ./stm32_f103c6_Drivers/stm32_f103c6_ADC.o
LOAD ./stm32_f103c6_Drivers/stm32_f103c6_EXTI.o
LOAD ./stm32_f103c6_Drivers/stm32_f103c6_GPIO.o
LOAD ./stm32_f103c6_Drivers/stm32_f103c6_I2C.o
LOAD ./stm32_f103c6_Drivers/stm32_f103c6_RCC.o
LOAD ./stm32_f103c6_Drivers/stm32_f103c6_SPI.o
LOAD ./stm32_f103c6_Drivers/stm32_f103c6_TIM2_3.o
LOAD ./stm32_f103c6_Drivers/stm32_f103c6_USART.o
START GROUP
LOAD c:/st/stm32cubeide_1.4.0/stm32cubeide/plugins/com.st.stm32cube.ide.mcu.externaltools.gnu-tools-for-stm32.10.3-2021.10.win32_1.0.0.202111181127/tools/bin/../lib/gcc/arm-none-eabi/10.3.1/../../../../arm-none-eabi/lib/thumb/v7-m/nofp\libc_nano.a
LOAD c:/st/stm32cubeide_1.4.0/stm32cubeide/plugins/com.st.stm32cube.ide.mcu.externaltools.gnu-tools-for-stm32.10.3-2021.10.win32_1.0.0.202111181127/tools/bin/../lib/gcc/arm-none-eabi/10.3.1/../../../../arm-none-eabi/lib/thumb/v7-m/nofp\libm.a
END GROUP
START GROUP
LOAD c:/st/stm32cubeide_1.4.0/stm32cubeide/plugins/com.st.stm32cube.ide.mcu.externaltools.gnu-tools-for-stm32.10.3-2021.10.win32_1.0.0.202111181127/tools/bin/../lib/gcc/arm-none-eabi/10.3.1/thumb/v7-m/nofp\libgcc.a
LOAD c:/st/stm32cubeide_1.4.0/stm32cubeide/plugins/com.st.stm32cube.ide.mcu.externaltools.gnu-tools-for-stm32.10.3-2021.10.win32_1.0.0.202111181127/tools/bin/../lib/gcc/arm-none-eabi/10.3.1/../../../../arm-none-eabi/lib/thumb/v7-m/nofp\libg_nano.a
LOAD c:/st/stm32cubeide_1.4.0/stm32cubeide/plugins/com.st.stm32cube.ide.mcu.externaltools.gnu-tools-for-stm32.10.3-2021.10.win32_1.0.0.202111181127/tools/bin/../lib/gcc/arm-none-eabi/10.3.1/../../../../arm-none-eabi/lib/thumb/v7-m/nofp\libc_nano.a
END GROUP
START GROUP
LOAD c:/st/stm32cubeide_1.4.0/stm32cubeide/plugins/com.st.stm32cube.ide.mcu.externaltools.gnu-tools-for-stm32.10.3-2021.10.win32_1.0.0.202111181127/tools/bin/../lib/gcc/arm-none-eabi/10.3.1/thumb/v7-m/nofp\libgcc.a
LOAD c:/st/stm32cubeide_1.4.0/stm32cubeide/plugins/com.st.stm32cube.ide.mcu.externaltools.gnu-tools-for-stm32.10.3-2021.10.win32_1.0.0.202111181127/tools/bin/../lib/gcc/arm-none-eabi/10.3.1/../../../../arm-none-eabi/lib/thumb/v7-m/nofp\libc_nano.a
LOAD c:/st/stm32cubeide_1.4.0/stm32cubeide/plugins/com.st.stm32cube.ide.mcu.externaltools.gnu-tools-for-stm32.10.3-2021.10.win32_1.0.0.202111181127/tools/bin/../lib/gcc/arm-none-eabi/10.3.1/../../../../arm-none-eabi/lib/thumb/v7-m/nofp\libnosys.a
END GROUP
START GROUP
LOAD c:/st/stm32cubeide_1.4.0/stm32cubeide/plugins/com.st.stm32cube.ide.mcu.externaltools.gnu-tools-for-stm32.10.3-2021.10.win32_1.0.0.202111181127/tools/bin/../lib/gcc/arm-none-eabi/10.3.1/thumb/v7-m/nofp\libgcc.a
LOAD c:/st/stm32cubeide_1.4.0/stm32cubeide/plugins/com.st.stm32cube.ide.mcu.externaltools.gnu-tools-for-stm32.10.3-2021.10.win32_1.0.0.202111181127/tools/bin/../lib/gcc/arm-none-eabi/10.3.1/../../../../arm-none-eabi/lib/thumb/v7-m/nofp\libc_nano.a
LOAD c:/st/stm32cubeide_1.4.0/stm32cubeide/plugins/com.st.stm32cube.ide.mcu.externaltools.gnu-tools-for-stm32.10.3-2021.10.win32_1.0.0.202111181127/tools/bin/../lib/gcc/arm-none-eabi/10.3.1/../../../../arm-none-eabi/lib/thumb/v7-m/nofp\libnosys.a
END GROUP
LOAD c:/st/stm32cubeide_1.4.0/stm32cubeide/plugins/com.st.stm32cube.ide.mcu.externaltools.gnu-tools-for-stm32.10.3-2021.10.win32_1.0.0.202111181127/tools/bin/../lib/gcc/arm-none-eabi/10.3.1/thumb/v7-m/nofp/crtend.o
LOAD c:/st/stm32cubeide_1.4.0/stm32cubeide/plugins/com.st.stm32cube.ide.mcu.externaltools.gnu-tools-for-stm32.10.3-2021.10.win32_1.0.0.202111181127/tools/bin/../lib/gcc/arm-none-eabi/10.3.1/thumb/v7-m/nofp/crtn.o
                0x0000000020002800                _estack = (ORIGIN (RAM) + LENGTH (RAM))
                0x0000000000000200                _Min_Heap_Size = 0x200
                0x0000000000000400                _Min_Stack_Size = 0x400

.isr_vector     0x0000000008000000      0x130
                0x0000000008000000                . = ALIGN (0x4)
 *(.isr_vector)
 .isr_vector    0x0000000008000000      0x130 ./Startup/startup_stm32f103c6tx.o
                0x0000000008000000                g_pfnVectors
                0x0000000008000130                . = ALIGN (0x4)

.text           0x0000000008000130      0xdc0
                0x0000000008000130                . = ALIGN (0x4)
 *(.text)
 .text          0x0000000008000130       0x40 c:/st/stm32cubeide_1.4.0/stm32cubeide/plugins/com.st.stm32cube.ide.mcu.externaltools.gnu-tools-for-stm32.10.3-2021.10.win32_1.0.0.202111181127/tools/bin/../lib/gcc/arm-none-eabi/10.3.1/thumb/v7-m/nofp/crtbegin.o
 *(.text*)
 .text.Set_GPIO_pins
                0x0000000008000170       0x9c ./HAL/DC_Motor.o
                0x0000000008000170                Set_GPIO_pins
 .text.HAL_DC_Motors_init
                0x000000000800020c       0x64 ./HAL/DC_Motor.o
                0x000000000800020c                HAL_DC_Motors_init
 .text.Car_Move
                0x0000000008000270       0xc0 ./HAL/DC_Motor.o
                0x0000000008000270                Car_Move
 .text.Clock_INIT
                0x0000000008000330       0x70 ./Src/main.o
                0x0000000008000330                Clock_INIT
 .text.main     0x00000000080003a0       0x30 ./Src/main.o
                0x00000000080003a0                main
 .text.Reset_Handler
                0x00000000080003d0       0x50 ./Startup/startup_stm32f103c6tx.o
                0x00000000080003d0                Reset_Handler
 .text.Default_Handler
                0x0000000008000420        0x2 ./Startup/startup_stm32f103c6tx.o
                0x0000000008000420                TIM8_TRG_COM_IRQHandler
                0x0000000008000420                TIM8_CC_IRQHandler
                0x0000000008000420                DebugMon_Handler
                0x0000000008000420                TIM1_CC_IRQHandler
                0x0000000008000420                HardFault_Handler
                0x0000000008000420                TIM6_IRQHandler
                0x0000000008000420                SysTick_Handler
                0x0000000008000420                PVD_IRQHandler
                0x0000000008000420                SDIO_IRQHandler
                0x0000000008000420                PendSV_Handler
                0x0000000008000420                NMI_Handler
                0x0000000008000420                USB_HP_CAN_TX_IRQHandler
                0x0000000008000420                I2C2_EV_IRQHandler
                0x0000000008000420                UsageFault_Handler
                0x0000000008000420                ADC1_2_IRQHandler
                0x0000000008000420                CAN_SCE_IRQHandler
                0x0000000008000420                TAMPER_IRQHandler
                0x0000000008000420                TIM8_UP_IRQHandler
                0x0000000008000420                DMA2_Channel2_IRQHandler
                0x0000000008000420                DMA1_Channel4_IRQHandler
                0x0000000008000420                RTC_IRQHandler
                0x0000000008000420                DMA1_Channel7_IRQHandler
                0x0000000008000420                UART5_IRQHandler
                0x0000000008000420                ADC3_IRQHandler
                0x0000000008000420                TIM4_IRQHandler
                0x0000000008000420                CAN_RX1_IRQHandler
                0x0000000008000420                DMA2_Channel1_IRQHandler
                0x0000000008000420                DMA1_Channel6_IRQHandler
                0x0000000008000420                UART4_IRQHandler
                0x0000000008000420                TIM3_IRQHandler
                0x0000000008000420                RCC_IRQHandler
                0x0000000008000420                TIM1_TRG_COM_IRQHandler
                0x0000000008000420                DMA1_Channel1_IRQHandler
                0x0000000008000420                Default_Handler
                0x0000000008000420                TIM7_IRQHandler
                0x0000000008000420                TIM5_IRQHandler
                0x0000000008000420                USB_LP_CAN_RX0_IRQHandler
                0x0000000008000420                MemManage_Handler
                0x0000000008000420                SVC_Handler
                0x0000000008000420                DMA1_Channel5_IRQHandler
                0x0000000008000420                DMA1_Channel3_IRQHandler
                0x0000000008000420                FSMC_IRQHandler
                0x0000000008000420                TIM1_UP_IRQHandler
                0x0000000008000420                WWDG_IRQHandler
                0x0000000008000420                TIM2_IRQHandler
                0x0000000008000420                TIM1_BRK_IRQHandler
                0x0000000008000420                RTCAlarm_IRQHandler
                0x0000000008000420                DMA2_Channel4_5_IRQHandler
                0x0000000008000420                I2C2_ER_IRQHandler
                0x0000000008000420                DMA1_Channel2_IRQHandler
                0x0000000008000420                TIM8_BRK_IRQHandler
                0x0000000008000420                FLASH_IRQHandler
                0x0000000008000420                BusFault_Handler
                0x0000000008000420                SPI3_IRQHandler
                0x0000000008000420                I2C1_ER_IRQHandler
                0x0000000008000420                DMA2_Channel3_IRQHandler
 *fill*         0x0000000008000422        0x2 
 .text.EXTI0_IRQHandler
                0x0000000008000424       0x24 ./stm32_f103c6_Drivers/stm32_f103c6_EXTI.o
                0x0000000008000424                EXTI0_IRQHandler
 .text.EXTI1_IRQHandler
                0x0000000008000448       0x24 ./stm32_f103c6_Drivers/stm32_f103c6_EXTI.o
                0x0000000008000448                EXTI1_IRQHandler
 .text.EXTI2_IRQHandler
                0x000000000800046c       0x24 ./stm32_f103c6_Drivers/stm32_f103c6_EXTI.o
                0x000000000800046c                EXTI2_IRQHandler
 .text.EXTI3_IRQHandler
                0x0000000008000490       0x24 ./stm32_f103c6_Drivers/stm32_f103c6_EXTI.o
                0x0000000008000490                EXTI3_IRQHandler
 .text.EXTI4_IRQHandler
                0x00000000080004b4       0x24 ./stm32_f103c6_Drivers/stm32_f103c6_EXTI.o
                0x00000000080004b4                EXTI4_IRQHandler
 .text.EXTI9_5_IRQHandler
                0x00000000080004d8       0xa8 ./stm32_f103c6_Drivers/stm32_f103c6_EXTI.o
                0x00000000080004d8                EXTI9_5_IRQHandler
 .text.EXTI15_10_IRQHandler
                0x0000000008000580       0xc4 ./stm32_f103c6_Drivers/stm32_f103c6_EXTI.o
                0x0000000008000580                EXTI15_10_IRQHandler
 .text.get_position
                0x0000000008000644      0x170 ./stm32_f103c6_Drivers/stm32_f103c6_GPIO.o
                0x0000000008000644                get_position
 .text.MCAL_GPIO_Init
                0x00000000080007b4       0xfe ./stm32_f103c6_Drivers/stm32_f103c6_GPIO.o
                0x00000000080007b4                MCAL_GPIO_Init
 *fill*         0x00000000080008b2        0x2 
 .text.Slave_Status
                0x00000000080008b4       0xd8 ./stm32_f103c6_Drivers/stm32_f103c6_I2C.o
                0x00000000080008b4                Slave_Status
 .text.I2C1_EV_IRQHandler
                0x000000000800098c       0xe8 ./stm32_f103c6_Drivers/stm32_f103c6_I2C.o
                0x000000000800098c                I2C1_EV_IRQHandler
 .text.SPI1_IRQHandler
                0x0000000008000a74       0x5c ./stm32_f103c6_Drivers/stm32_f103c6_SPI.o
                0x0000000008000a74                SPI1_IRQHandler
 .text.SPI2_IRQHandler
                0x0000000008000ad0       0x5c ./stm32_f103c6_Drivers/stm32_f103c6_SPI.o
                0x0000000008000ad0                SPI2_IRQHandler
 .text.MCAL_TIMx_Init
                0x0000000008000b2c      0x2c0 ./stm32_f103c6_Drivers/stm32_f103c6_TIM2_3.o
                0x0000000008000b2c                MCAL_TIMx_Init
 .text.MCAL_TIMx_Set_Compare_Value
                0x0000000008000dec       0x68 ./stm32_f103c6_Drivers/stm32_f103c6_TIM2_3.o
                0x0000000008000dec                MCAL_TIMx_Set_Compare_Value
 .text.USART1_IRQHandler
                0x0000000008000e54       0x14 ./stm32_f103c6_Drivers/stm32_f103c6_USART.o
                0x0000000008000e54                USART1_IRQHandler
 .text.USART2_IRQHandler
                0x0000000008000e68       0x14 ./stm32_f103c6_Drivers/stm32_f103c6_USART.o
                0x0000000008000e68                USART2_IRQHandler
 .text.USART3_IRQHandler
                0x0000000008000e7c       0x14 ./stm32_f103c6_Drivers/stm32_f103c6_USART.o
                0x0000000008000e7c                USART3_IRQHandler
 .text.__libc_init_array
                0x0000000008000e90       0x48 c:/st/stm32cubeide_1.4.0/stm32cubeide/plugins/com.st.stm32cube.ide.mcu.externaltools.gnu-tools-for-stm32.10.3-2021.10.win32_1.0.0.202111181127/tools/bin/../lib/gcc/arm-none-eabi/10.3.1/../../../../arm-none-eabi/lib/thumb/v7-m/nofp\libc_nano.a(lib_a-init.o)
                0x0000000008000e90                __libc_init_array
 *(.glue_7)
 .glue_7        0x0000000008000ed8        0x0 linker stubs
 *(.glue_7t)
 .glue_7t       0x0000000008000ed8        0x0 linker stubs
 *(.eh_frame)
 .eh_frame      0x0000000008000ed8        0x0 c:/st/stm32cubeide_1.4.0/stm32cubeide/plugins/com.st.stm32cube.ide.mcu.externaltools.gnu-tools-for-stm32.10.3-2021.10.win32_1.0.0.202111181127/tools/bin/../lib/gcc/arm-none-eabi/10.3.1/thumb/v7-m/nofp/crtbegin.o
 *(.init)
 .init          0x0000000008000ed8        0x4 c:/st/stm32cubeide_1.4.0/stm32cubeide/plugins/com.st.stm32cube.ide.mcu.externaltools.gnu-tools-for-stm32.10.3-2021.10.win32_1.0.0.202111181127/tools/bin/../lib/gcc/arm-none-eabi/10.3.1/thumb/v7-m/nofp/crti.o
                0x0000000008000ed8                _init
 .init          0x0000000008000edc        0x8 c:/st/stm32cubeide_1.4.0/stm32cubeide/plugins/com.st.stm32cube.ide.mcu.externaltools.gnu-tools-for-stm32.10.3-2021.10.win32_1.0.0.202111181127/tools/bin/../lib/gcc/arm-none-eabi/10.3.1/thumb/v7-m/nofp/crtn.o
 *(.fini)
 .fini          0x0000000008000ee4        0x4 c:/st/stm32cubeide_1.4.0/stm32cubeide/plugins/com.st.stm32cube.ide.mcu.externaltools.gnu-tools-for-stm32.10.3-2021.10.win32_1.0.0.202111181127/tools/bin/../lib/gcc/arm-none-eabi/10.3.1/thumb/v7-m/nofp/crti.o
                0x0000000008000ee4                _fini
 .fini          0x0000000008000ee8        0x8 c:/st/stm32cubeide_1.4.0/stm32cubeide/plugins/com.st.stm32cube.ide.mcu.externaltools.gnu-tools-for-stm32.10.3-2021.10.win32_1.0.0.202111181127/tools/bin/../lib/gcc/arm-none-eabi/10.3.1/thumb/v7-m/nofp/crtn.o
                0x0000000008000ef0                . = ALIGN (0x4)
                0x0000000008000ef0                _etext = .

.vfp11_veneer   0x0000000008000ef0        0x0
 .vfp11_veneer  0x0000000008000ef0        0x0 linker stubs

.v4_bx          0x0000000008000ef0        0x0
 .v4_bx         0x0000000008000ef0        0x0 linker stubs

.iplt           0x0000000008000ef0        0x0
 .iplt          0x0000000008000ef0        0x0 c:/st/stm32cubeide_1.4.0/stm32cubeide/plugins/com.st.stm32cube.ide.mcu.externaltools.gnu-tools-for-stm32.10.3-2021.10.win32_1.0.0.202111181127/tools/bin/../lib/gcc/arm-none-eabi/10.3.1/thumb/v7-m/nofp/crtbegin.o

.rel.dyn        0x0000000008000ef0        0x0
 .rel.iplt      0x0000000008000ef0        0x0 c:/st/stm32cubeide_1.4.0/stm32cubeide/plugins/com.st.stm32cube.ide.mcu.externaltools.gnu-tools-for-stm32.10.3-2021.10.win32_1.0.0.202111181127/tools/bin/../lib/gcc/arm-none-eabi/10.3.1/thumb/v7-m/nofp/crtbegin.o

.rodata         0x0000000008000ef0        0x0
                0x0000000008000ef0                . = ALIGN (0x4)
 *(.rodata)
 *(.rodata*)
                0x0000000008000ef0                . = ALIGN (0x4)

.ARM.extab      0x0000000008000ef0        0x0
                0x0000000008000ef0                . = ALIGN (0x4)
 *(.ARM.extab* .gnu.linkonce.armextab.*)
                0x0000000008000ef0                . = ALIGN (0x4)

.ARM            0x0000000008000ef0        0x0
                0x0000000008000ef0                . = ALIGN (0x4)
                0x0000000008000ef0                __exidx_start = .
 *(.ARM.exidx*)
                0x0000000008000ef0                __exidx_end = .
                0x0000000008000ef0                . = ALIGN (0x4)

.preinit_array  0x0000000008000ef0        0x0
                0x0000000008000ef0                . = ALIGN (0x4)
                0x0000000008000ef0                PROVIDE (__preinit_array_start = .)
 *(.preinit_array*)
                0x0000000008000ef0                PROVIDE (__preinit_array_end = .)
                0x0000000008000ef0                . = ALIGN (0x4)

.init_array     0x0000000008000ef0        0x4
                0x0000000008000ef0                . = ALIGN (0x4)
                0x0000000008000ef0                PROVIDE (__init_array_start = .)
 *(SORT_BY_NAME(.init_array.*))
 *(.init_array*)
 .init_array    0x0000000008000ef0        0x4 c:/st/stm32cubeide_1.4.0/stm32cubeide/plugins/com.st.stm32cube.ide.mcu.externaltools.gnu-tools-for-stm32.10.3-2021.10.win32_1.0.0.202111181127/tools/bin/../lib/gcc/arm-none-eabi/10.3.1/thumb/v7-m/nofp/crtbegin.o
                0x0000000008000ef4                PROVIDE (__init_array_end = .)
                0x0000000008000ef4                . = ALIGN (0x4)

.fini_array     0x0000000008000ef4        0x4
                0x0000000008000ef4                . = ALIGN (0x4)
                [!provide]                        PROVIDE (__fini_array_start = .)
 *(SORT_BY_NAME(.fini_array.*))
 *(.fini_array*)
 .fini_array    0x0000000008000ef4        0x4 c:/st/stm32cubeide_1.4.0/stm32cubeide/plugins/com.st.stm32cube.ide.mcu.externaltools.gnu-tools-for-stm32.10.3-2021.10.win32_1.0.0.202111181127/tools/bin/../lib/gcc/arm-none-eabi/10.3.1/thumb/v7-m/nofp/crtbegin.o
                [!provide]                        PROVIDE (__fini_array_end = .)
                0x0000000008000ef8                . = ALIGN (0x4)
                0x0000000008000ef8                _sidata = LOADADDR (.data)

.data           0x0000000020000000        0x0 load address 0x0000000008000ef8
                0x0000000020000000                . = ALIGN (0x4)
                0x0000000020000000                _sdata = .
 *(.data)
 *(.data*)
 *(.RamFunc)
 *(.RamFunc*)
                0x0000000020000000                . = ALIGN (0x4)
                0x0000000020000000                _edata = .

.igot.plt       0x0000000020000000        0x0 load address 0x0000000008000ef8
 .igot.plt      0x0000000020000000        0x0 c:/st/stm32cubeide_1.4.0/stm32cubeide/plugins/com.st.stm32cube.ide.mcu.externaltools.gnu-tools-for-stm32.10.3-2021.10.win32_1.0.0.202111181127/tools/bin/../lib/gcc/arm-none-eabi/10.3.1/thumb/v7-m/nofp/crtbegin.o
                0x0000000020000000                . = ALIGN (0x4)

.bss            0x0000000020000000       0xb8 load address 0x0000000008000ef8
                0x0000000020000000                _sbss = .
                0x0000000020000000                __bss_start__ = _sbss
 *(.bss)
 .bss           0x0000000020000000       0x1c c:/st/stm32cubeide_1.4.0/stm32cubeide/plugins/com.st.stm32cube.ide.mcu.externaltools.gnu-tools-for-stm32.10.3-2021.10.win32_1.0.0.202111181127/tools/bin/../lib/gcc/arm-none-eabi/10.3.1/thumb/v7-m/nofp/crtbegin.o
 *(.bss*)
 .bss.Timer2    0x000000002000001c       0x10 ./HAL/DC_Motor.o
                0x000000002000001c                Timer2
 .bss.GPIO_Pin  0x000000002000002c        0x4 ./HAL/DC_Motor.o
                0x000000002000002c                GPIO_Pin
 .bss.GP_IRQ_CALL
                0x0000000020000030       0x3c ./stm32_f103c6_Drivers/stm32_f103c6_EXTI.o
                0x0000000020000030                GP_IRQ_CALL
 .bss.g_I2C_Config
                0x000000002000006c       0x38 ./stm32_f103c6_Drivers/stm32_f103c6_I2C.o
                0x000000002000006c                g_I2C_Config
 .bss.g_SPI_Config
                0x00000000200000a4        0x8 ./stm32_f103c6_Drivers/stm32_f103c6_SPI.o
                0x00000000200000a4                g_SPI_Config
 .bss.g_USART_Config
                0x00000000200000ac        0xc ./stm32_f103c6_Drivers/stm32_f103c6_USART.o
                0x00000000200000ac                g_USART_Config
 *(COMMON)
                0x00000000200000b8                . = ALIGN (0x4)
                0x00000000200000b8                _ebss = .
                0x00000000200000b8                __bss_end__ = _ebss

._user_heap_stack
                0x00000000200000b8      0x600 load address 0x0000000008000ef8
                0x00000000200000b8                . = ALIGN (0x8)
                [!provide]                        PROVIDE (end = .)
                0x00000000200000b8                PROVIDE (_end = .)
                0x00000000200002b8                . = (. + _Min_Heap_Size)
 *fill*         0x00000000200000b8      0x200 
                0x00000000200006b8                . = (. + _Min_Stack_Size)
 *fill*         0x00000000200002b8      0x400 
                0x00000000200006b8                . = ALIGN (0x8)

/DISCARD/
 libc.a(*)
 libm.a(*)
 libgcc.a(*)

.ARM.attributes
                0x0000000000000000       0x29
 *(.ARM.attributes)
 .ARM.attributes
                0x0000000000000000       0x1d c:/st/stm32cubeide_1.4.0/stm32cubeide/plugins/com.st.stm32cube.ide.mcu.externaltools.gnu-tools-for-stm32.10.3-2021.10.win32_1.0.0.202111181127/tools/bin/../lib/gcc/arm-none-eabi/10.3.1/thumb/v7-m/nofp/crti.o
 .ARM.attributes
                0x000000000000001d       0x2d c:/st/stm32cubeide_1.4.0/stm32cubeide/plugins/com.st.stm32cube.ide.mcu.externaltools.gnu-tools-for-stm32.10.3-2021.10.win32_1.0.0.202111181127/tools/bin/../lib/gcc/arm-none-eabi/10.3.1/thumb/v7-m/nofp/crtbegin.o
 .ARM.attributes
                0x000000000000004a       0x2d ./HAL/DC_Motor.o
 .ARM.attributes
                0x0000000000000077       0x2d ./Src/main.o
 .ARM.attributes
                0x00000000000000a4       0x21 ./Startup/startup_stm32f103c6tx.o
 .ARM.attributes
                0x00000000000000c5       0x2d ./stm32_f103c6_Drivers/stm32_f103c6_EXTI.o
 .ARM.attributes
                0x00000000000000f2       0x2d ./stm32_f103c6_Drivers/stm32_f103c6_GPIO.o
 .ARM.attributes
                0x000000000000011f       0x2d ./stm32_f103c6_Drivers/stm32_f103c6_I2C.o
 .ARM.attributes
                0x000000000000014c       0x2d ./stm32_f103c6_Drivers/stm32_f103c6_SPI.o
 .ARM.attributes
                0x0000000000000179       0x2d ./stm32_f103c6_Drivers/stm32_f103c6_TIM2_3.o
 .ARM.attributes
                0x00000000000001a6       0x2d ./stm32_f103c6_Drivers/stm32_f103c6_USART.o
 .ARM.attributes
                0x00000000000001d3       0x2d c:/st/stm32cubeide_1.4.0/stm32cubeide/plugins/com.st.stm32cube.ide.mcu.externaltools.gnu-tools-for-stm32.10.3-2021.10.win32_1.0.0.202111181127/tools/bin/../lib/gcc/arm-none-eabi/10.3.1/../../../../arm-none-eabi/lib/thumb/v7-m/nofp\libc_nano.a(lib_a-init.o)
 .ARM.attributes
                0x0000000000000200       0x1d c:/st/stm32cubeide_1.4.0/stm32cubeide/plugins/com.st.stm32cube.ide.mcu.externaltools.gnu-tools-for-stm32.10.3-2021.10.win32_1.0.0.202111181127/tools/bin/../lib/gcc/arm-none-eabi/10.3.1/thumb/v7-m/nofp/crtn.o
OUTPUT(Firefighter-Robot_Code.axf elf32-littlearm)
LOAD linker stubs
LOAD c:/st/stm32cubeide_1.4.0/stm32cubeide/plugins/com.st.stm32cube.ide.mcu.externaltools.gnu-tools-for-stm32.10.3-2021.10.win32_1.0.0.202111181127/tools/bin/../lib/gcc/arm-none-eabi/10.3.1/../../../../arm-none-eabi/lib/thumb/v7-m/nofp\libc.a
LOAD c:/st/stm32cubeide_1.4.0/stm32cubeide/plugins/com.st.stm32cube.ide.mcu.externaltools.gnu-tools-for-stm32.10.3-2021.10.win32_1.0.0.202111181127/tools/bin/../lib/gcc/arm-none-eabi/10.3.1/../../../../arm-none-eabi/lib/thumb/v7-m/nofp\libm.a
LOAD c:/st/stm32cubeide_1.4.0/stm32cubeide/plugins/com.st.stm32cube.ide.mcu.externaltools.gnu-tools-for-stm32.10.3-2021.10.win32_1.0.0.202111181127/tools/bin/../lib/gcc/arm-none-eabi/10.3.1/thumb/v7-m/nofp\libgcc.a

.debug_info     0x0000000000000000     0x2f1e
 .debug_info    0x0000000000000000      0x4fe ./HAL/DC_Motor.o
 .debug_info    0x00000000000004fe      0x412 ./Src/main.o
 .debug_info    0x0000000000000910       0x22 ./Startup/startup_stm32f103c6tx.o
 .debug_info    0x0000000000000932      0x52f ./stm32_f103c6_Drivers/stm32_f103c6_EXTI.o
 .debug_info    0x0000000000000e61      0x498 ./stm32_f103c6_Drivers/stm32_f103c6_GPIO.o
 .debug_info    0x00000000000012f9      0x924 ./stm32_f103c6_Drivers/stm32_f103c6_I2C.o
 .debug_info    0x0000000000001c1d      0x67d ./stm32_f103c6_Drivers/stm32_f103c6_SPI.o
 .debug_info    0x000000000000229a      0x635 ./stm32_f103c6_Drivers/stm32_f103c6_TIM2_3.o
 .debug_info    0x00000000000028cf      0x64f ./stm32_f103c6_Drivers/stm32_f103c6_USART.o

.debug_abbrev   0x0000000000000000      0xd90
 .debug_abbrev  0x0000000000000000      0x111 ./HAL/DC_Motor.o
 .debug_abbrev  0x0000000000000111      0x1bc ./Src/main.o
 .debug_abbrev  0x00000000000002cd       0x12 ./Startup/startup_stm32f103c6tx.o
 .debug_abbrev  0x00000000000002df      0x189 ./stm32_f103c6_Drivers/stm32_f103c6_EXTI.o
 .debug_abbrev  0x0000000000000468      0x16f ./stm32_f103c6_Drivers/stm32_f103c6_GPIO.o
 .debug_abbrev  0x00000000000005d7      0x249 ./stm32_f103c6_Drivers/stm32_f103c6_I2C.o
 .debug_abbrev  0x0000000000000820      0x1f4 ./stm32_f103c6_Drivers/stm32_f103c6_SPI.o
 .debug_abbrev  0x0000000000000a14      0x19a ./stm32_f103c6_Drivers/stm32_f103c6_TIM2_3.o
 .debug_abbrev  0x0000000000000bae      0x1e2 ./stm32_f103c6_Drivers/stm32_f103c6_USART.o

.debug_loc      0x0000000000000000     0x1658
 .debug_loc     0x0000000000000000      0x124 ./HAL/DC_Motor.o
 .debug_loc     0x0000000000000124      0x1cc ./Src/main.o
 .debug_loc     0x00000000000002f0      0x320 ./stm32_f103c6_Drivers/stm32_f103c6_EXTI.o
 .debug_loc     0x0000000000000610      0x330 ./stm32_f103c6_Drivers/stm32_f103c6_GPIO.o
 .debug_loc     0x0000000000000940      0x458 ./stm32_f103c6_Drivers/stm32_f103c6_I2C.o
 .debug_loc     0x0000000000000d98      0x2bc ./stm32_f103c6_Drivers/stm32_f103c6_SPI.o
 .debug_loc     0x0000000000001054      0x2d0 ./stm32_f103c6_Drivers/stm32_f103c6_TIM2_3.o
 .debug_loc     0x0000000000001324      0x334 ./stm32_f103c6_Drivers/stm32_f103c6_USART.o

.debug_aranges  0x0000000000000000      0x348
 .debug_aranges
                0x0000000000000000       0x40 ./HAL/DC_Motor.o
 .debug_aranges
                0x0000000000000040       0x58 ./Src/main.o
 .debug_aranges
                0x0000000000000098       0x28 ./Startup/startup_stm32f103c6tx.o
 .debug_aranges
                0x00000000000000c0       0x80 ./stm32_f103c6_Drivers/stm32_f103c6_EXTI.o
 .debug_aranges
                0x0000000000000140       0x60 ./stm32_f103c6_Drivers/stm32_f103c6_GPIO.o
 .debug_aranges
                0x00000000000001a0       0x80 ./stm32_f103c6_Drivers/stm32_f103c6_I2C.o
 .debug_aranges
                0x0000000000000220       0x58 ./stm32_f103c6_Drivers/stm32_f103c6_SPI.o
 .debug_aranges
                0x0000000000000278       0x60 ./stm32_f103c6_Drivers/stm32_f103c6_TIM2_3.o
 .debug_aranges
                0x00000000000002d8       0x70 ./stm32_f103c6_Drivers/stm32_f103c6_USART.o

.debug_ranges   0x0000000000000000      0x2c0
 .debug_ranges  0x0000000000000000       0x30 ./HAL/DC_Motor.o
 .debug_ranges  0x0000000000000030       0x48 ./Src/main.o
 .debug_ranges  0x0000000000000078       0x20 ./Startup/startup_stm32f103c6tx.o
 .debug_ranges  0x0000000000000098       0x70 ./stm32_f103c6_Drivers/stm32_f103c6_EXTI.o
 .debug_ranges  0x0000000000000108       0x50 ./stm32_f103c6_Drivers/stm32_f103c6_GPIO.o
 .debug_ranges  0x0000000000000158       0x70 ./stm32_f103c6_Drivers/stm32_f103c6_I2C.o
 .debug_ranges  0x00000000000001c8       0x48 ./stm32_f103c6_Drivers/stm32_f103c6_SPI.o
 .debug_ranges  0x0000000000000210       0x50 ./stm32_f103c6_Drivers/stm32_f103c6_TIM2_3.o
 .debug_ranges  0x0000000000000260       0x60 ./stm32_f103c6_Drivers/stm32_f103c6_USART.o

.debug_macro    0x0000000000000000     0x396e
 .debug_macro   0x0000000000000000      0x17d ./HAL/DC_Motor.o
 .debug_macro   0x000000000000017d      0xa72 ./HAL/DC_Motor.o
 .debug_macro   0x0000000000000bef       0x22 ./HAL/DC_Motor.o
 .debug_macro   0x0000000000000c11       0x8e ./HAL/DC_Motor.o
 .debug_macro   0x0000000000000c9f       0x51 ./HAL/DC_Motor.o
 .debug_macro   0x0000000000000cf0      0x103 ./HAL/DC_Motor.o
 .debug_macro   0x0000000000000df3       0x6a ./HAL/DC_Motor.o
 .debug_macro   0x0000000000000e5d      0x1df ./HAL/DC_Motor.o
 .debug_macro   0x000000000000103c       0x18 ./HAL/DC_Motor.o
 .debug_macro   0x0000000000001054       0x52 ./HAL/DC_Motor.o
 .debug_macro   0x00000000000010a6       0x3c ./HAL/DC_Motor.o
 .debug_macro   0x00000000000010e2       0x34 ./HAL/DC_Motor.o
 .debug_macro   0x0000000000001116       0x16 ./HAL/DC_Motor.o
 .debug_macro   0x000000000000112c      0x10e ./HAL/DC_Motor.o
 .debug_macro   0x000000000000123a       0x8d ./HAL/DC_Motor.o
 .debug_macro   0x00000000000012c7       0x16 ./HAL/DC_Motor.o
 .debug_macro   0x00000000000012dd       0x43 ./HAL/DC_Motor.o
 .debug_macro   0x0000000000001320       0x34 ./HAL/DC_Motor.o
 .debug_macro   0x0000000000001354       0x10 ./HAL/DC_Motor.o
 .debug_macro   0x0000000000001364       0x58 ./HAL/DC_Motor.o
 .debug_macro   0x00000000000013bc       0x71 ./HAL/DC_Motor.o
 .debug_macro   0x000000000000142d       0x1c ./HAL/DC_Motor.o
 .debug_macro   0x0000000000001449      0x12a ./HAL/DC_Motor.o
 .debug_macro   0x0000000000001573      0x341 ./HAL/DC_Motor.o
 .debug_macro   0x00000000000018b4       0x16 ./HAL/DC_Motor.o
 .debug_macro   0x00000000000018ca       0x29 ./HAL/DC_Motor.o
 .debug_macro   0x00000000000018f3      0x7b7 ./HAL/DC_Motor.o
 .debug_macro   0x00000000000020aa       0x16 ./HAL/DC_Motor.o
 .debug_macro   0x00000000000020c0       0xd6 ./HAL/DC_Motor.o
 .debug_macro   0x0000000000002196       0x22 ./HAL/DC_Motor.o
 .debug_macro   0x00000000000021b8       0xee ./HAL/DC_Motor.o
 .debug_macro   0x00000000000022a6      0x20e ./Src/main.o
 .debug_macro   0x00000000000024b4      0x220 ./Src/main.o
 .debug_macro   0x00000000000026d4       0xf9 ./Src/main.o
 .debug_macro   0x00000000000027cd       0xff ./Src/main.o
 .debug_macro   0x00000000000028cc       0x5e ./Src/main.o
 .debug_macro   0x000000000000292a       0xa0 ./Src/main.o
 .debug_macro   0x00000000000029ca       0x40 ./Src/main.o
 .debug_macro   0x0000000000002a0a       0x10 ./Src/main.o
 .debug_macro   0x0000000000002a1a       0x5e ./Src/main.o
 .debug_macro   0x0000000000002a78       0xf4 ./Src/main.o
 .debug_macro   0x0000000000002b6c       0x16 ./Src/main.o
 .debug_macro   0x0000000000002b82       0x2e ./Src/main.o
 .debug_macro   0x0000000000002bb0      0x17e ./Src/main.o
 .debug_macro   0x0000000000002d2e      0x161 ./stm32_f103c6_Drivers/stm32_f103c6_EXTI.o
 .debug_macro   0x0000000000002e8f      0x21a ./stm32_f103c6_Drivers/stm32_f103c6_EXTI.o
 .debug_macro   0x00000000000030a9      0x152 ./stm32_f103c6_Drivers/stm32_f103c6_GPIO.o
 .debug_macro   0x00000000000031fb      0x164 ./stm32_f103c6_Drivers/stm32_f103c6_I2C.o
 .debug_macro   0x000000000000335f      0x15b ./stm32_f103c6_Drivers/stm32_f103c6_SPI.o
 .debug_macro   0x00000000000034ba       0xf9 ./stm32_f103c6_Drivers/stm32_f103c6_SPI.o
 .debug_macro   0x00000000000035b3      0x164 ./stm32_f103c6_Drivers/stm32_f103c6_TIM2_3.o
 .debug_macro   0x0000000000003717      0x164 ./stm32_f103c6_Drivers/stm32_f103c6_USART.o
 .debug_macro   0x000000000000387b       0xf3 ./stm32_f103c6_Drivers/stm32_f103c6_USART.o

.debug_line     0x0000000000000000     0x448f
 .debug_line    0x0000000000000000      0x6b7 ./HAL/DC_Motor.o
 .debug_line    0x00000000000006b7      0x83a ./Src/main.o
 .debug_line    0x0000000000000ef1       0x84 ./Startup/startup_stm32f103c6tx.o
 .debug_line    0x0000000000000f75      0x966 ./stm32_f103c6_Drivers/stm32_f103c6_EXTI.o
 .debug_line    0x00000000000018db      0x799 ./stm32_f103c6_Drivers/stm32_f103c6_GPIO.o
 .debug_line    0x0000000000002074      0xa3a ./stm32_f103c6_Drivers/stm32_f103c6_I2C.o
 .debug_line    0x0000000000002aae      0x8b6 ./stm32_f103c6_Drivers/stm32_f103c6_SPI.o
 .debug_line    0x0000000000003364      0x84e ./stm32_f103c6_Drivers/stm32_f103c6_TIM2_3.o
 .debug_line    0x0000000000003bb2      0x8dd ./stm32_f103c6_Drivers/stm32_f103c6_USART.o

.debug_str      0x0000000000000000     0xdae1
 .debug_str     0x0000000000000000     0xa1b2 ./HAL/DC_Motor.o
                                       0xa3d3 (size before relaxing)
 .debug_str     0x000000000000a1b2     0x2e53 ./Src/main.o
                                       0xd090 (size before relaxing)
 .debug_str     0x000000000000d005       0x31 ./Startup/startup_stm32f103c6tx.o
                                         0x74 (size before relaxing)
 .debug_str     0x000000000000d036      0x257 ./stm32_f103c6_Drivers/stm32_f103c6_EXTI.o
                                       0xafc7 (size before relaxing)
 .debug_str     0x000000000000d28d       0xe3 ./stm32_f103c6_Drivers/stm32_f103c6_GPIO.o
                                       0x9b49 (size before relaxing)
 .debug_str     0x000000000000d370      0x323 ./stm32_f103c6_Drivers/stm32_f103c6_I2C.o
                                       0xa033 (size before relaxing)
 .debug_str     0x000000000000d693      0x1ed ./stm32_f103c6_Drivers/stm32_f103c6_SPI.o
                                       0xa3b6 (size before relaxing)
 .debug_str     0x000000000000d880       0xda ./stm32_f103c6_Drivers/stm32_f103c6_TIM2_3.o
                                       0x9d40 (size before relaxing)
 .debug_str     0x000000000000d95a      0x187 ./stm32_f103c6_Drivers/stm32_f103c6_USART.o
                                       0xa2f5 (size before relaxing)

.comment        0x0000000000000000       0x50
 .comment       0x0000000000000000       0x50 ./HAL/DC_Motor.o
                                         0x51 (size before relaxing)
 .comment       0x0000000000000050       0x51 ./Src/main.o
 .comment       0x0000000000000050       0x51 ./stm32_f103c6_Drivers/stm32_f103c6_EXTI.o
 .comment       0x0000000000000050       0x51 ./stm32_f103c6_Drivers/stm32_f103c6_GPIO.o
 .comment       0x0000000000000050       0x51 ./stm32_f103c6_Drivers/stm32_f103c6_I2C.o
 .comment       0x0000000000000050       0x51 ./stm32_f103c6_Drivers/stm32_f103c6_SPI.o
 .comment       0x0000000000000050       0x51 ./stm32_f103c6_Drivers/stm32_f103c6_TIM2_3.o
 .comment       0x0000000000000050       0x51 ./stm32_f103c6_Drivers/stm32_f103c6_USART.o

.debug_frame    0x0000000000000000      0xb50
 .debug_frame   0x0000000000000000       0xac ./HAL/DC_Motor.o
 .debug_frame   0x00000000000000ac      0x10c ./Src/main.o
 .debug_frame   0x00000000000001b8      0x1b0 ./stm32_f103c6_Drivers/stm32_f103c6_EXTI.o
 .debug_frame   0x0000000000000368      0x178 ./stm32_f103c6_Drivers/stm32_f103c6_GPIO.o
 .debug_frame   0x00000000000004e0      0x204 ./stm32_f103c6_Drivers/stm32_f103c6_I2C.o
 .debug_frame   0x00000000000006e4      0x148 ./stm32_f103c6_Drivers/stm32_f103c6_SPI.o
 .debug_frame   0x000000000000082c      0x164 ./stm32_f103c6_Drivers/stm32_f103c6_TIM2_3.o
 .debug_frame   0x0000000000000990      0x194 ./stm32_f103c6_Drivers/stm32_f103c6_USART.o
 .debug_frame   0x0000000000000b24       0x2c c:/st/stm32cubeide_1.4.0/stm32cubeide/plugins/com.st.stm32cube.ide.mcu.externaltools.gnu-tools-for-stm32.10.3-2021.10.win32_1.0.0.202111181127/tools/bin/../lib/gcc/arm-none-eabi/10.3.1/../../../../arm-none-eabi/lib/thumb/v7-m/nofp\libc_nano.a(lib_a-init.o)
