../stm32_f103c6_Drivers/stm32_f103c6_TIM2_3.c:66:6:MCAL_TIMx_Init	32	static
../stm32_f103c6_Drivers/stm32_f103c6_TIM2_3.c:276:6:MCAL_TIM4_CAP_Init	16	static
../stm32_f103c6_Drivers/stm32_f103c6_TIM2_3.c:300:7:MCAL_TIM4_CAP_Get_High	24	static
../stm32_f103c6_Drivers/stm32_f103c6_TIM2_3.c:344:7:MCAL_TIM4_CAP_Get_Low	8	static
../stm32_f103c6_Drivers/stm32_f103c6_TIM2_3.c:389:6:MCAL_TIMx_Set_Compare_Value	16	static
../stm32_f103c6_Drivers/stm32_f103c6_TIM2_3.c:426:6:MCAL_TIMx_Set_TOP_Value	16	static
../stm32_f103c6_Drivers/stm32_f103c6_TIM2_3.c:439:6:MCAL_TIMx_DeInit	16	static
